 zlibwapi

 Timestamp is 67d946cd (Tue Mar 18 13:11:25 2025)

 Preferred load address is 10000000

 Start         Length     Name                   Class
 0001:00000000 000193faH .text                   CODE
 0002:00000000 00000114H .idata$5                DATA
 0002:00000114 00000004H .CRT$XCA                DATA
 0002:00000118 00000004H .CRT$XCZ                DATA
 0002:0000011c 00000004H .CRT$XIA                DATA
 0002:00000120 00000010H .CRT$XIC                DATA
 0002:00000130 00000004H .CRT$XIZ                DATA
 0002:00000134 00000004H .CRT$XPA                DATA
 0002:00000138 00000008H .CRT$XPX                DATA
 0002:00000140 00000004H .CRT$XPXA               DATA
 0002:00000144 00000004H .CRT$XPZ                DATA
 0002:00000148 00000004H .CRT$XTA                DATA
 0002:0000014c 00000004H .CRT$XTZ                DATA
 0002:00000150 000081d8H .rdata                  DATA
 0002:00008328 00000004H .rtc$IAA                DATA
 0002:0000832c 00000004H .rtc$IZZ                DATA
 0002:00008330 00000004H .rtc$TAA                DATA
 0002:00008334 00000004H .rtc$TZZ                DATA
 0002:00008338 0000045cH .xdata$x                DATA
 0002:00008794 00000014H .idata$2                DATA
 0002:000087a8 00000014H .idata$3                DATA
 0002:000087bc 00000114H .idata$4                DATA
 0002:000088d0 000004eeH .idata$6                DATA
 0002:00008dc0 00000c44H .edata                  DATA
 0003:00000000 00000ed0H .data                   DATA
 0003:00000ee0 00001e40H .bss                    DATA
 0004:00000000 00000058H .rsrc$01                DATA
 0004:00000060 00000338H .rsrc$02                DATA

  Address         Publics by Value              Rva+Base       Lib:Object

 0000:00000000       __except_list              00000000     <absolute>
 0000:00000000       ___safe_se_handler_table   00000000     <absolute>
 0000:00000000       ___safe_se_handler_count   00000000     <absolute>
 0000:00000000       ___ImageBase               10000000     <linker-defined>
 0001:00000000       _adler32@12                10001000 f   adler32.obj
 0001:00000340       _adler32_combine@12        10001340 f   adler32.obj
 0001:00000360       _compress2@20              10001360 f   compress.obj
 0001:00000410       _compress@16               10001410 f   compress.obj
 0001:00000430       _compressBound@4           10001430 f   compress.obj
 0001:00000450       _get_crc_table@0           10001450 f   crc32.obj
 0001:00000460       _crc32@12                  10001460 f   crc32.obj
 0001:000008a0       _crc32_combine@12          100018a0 f   crc32.obj
 0001:000008c0       _deflateInit_@16           100018c0 f   deflate.obj
 0001:000008e0       _deflateInit2_@32          100018e0 f   deflate.obj
 0001:00000b10       _deflateSetDictionary@12   10001b10 f   deflate.obj
 0001:00000cb0       _deflateResetKeep@4        10001cb0 f   deflate.obj
 0001:00000d60       _deflateReset@4            10001d60 f   deflate.obj
 0001:00000d90       _deflateSetHeader@8        10001d90 f   deflate.obj
 0001:00000dc0       _deflatePending@12         10001dc0 f   deflate.obj
 0001:00000e00       _deflatePrime@12           10001e00 f   deflate.obj
 0001:00000e90       _deflateParams@12          10001e90 f   deflate.obj
 0001:00000f90       _deflateTune@20            10001f90 f   deflate.obj
 0001:00000fe0       _deflateBound@8            10001fe0 f   deflate.obj
 0001:00001150       _deflate@8                 10002150 f   deflate.obj
 0001:000019c0       _deflateEnd@4              100029c0 f   deflate.obj
 0001:00001aa0       _deflateCopy@8             10002aa0 f   deflate.obj
 0001:00002be0       _gzclose@4                 10003be0 f   gzclose.obj
 0001:00002f60       _gzopen@8                  10003f60 f   gzlib.obj
 0001:00002f80       _gzdopen@8                 10003f80 f   gzlib.obj
 0001:00002fe0       _gzopen_w@8                10003fe0 f   gzlib.obj
 0001:00003000       _gzbuffer@8                10004000 f   gzlib.obj
 0001:00003040       _gzrewind@4                10004040 f   gzlib.obj
 0001:000030a0       _gzseek64@16               100040a0 f   gzlib.obj
 0001:00003230       _gzseek@12                 10004230 f   gzlib.obj
 0001:00003270       _gztell64@4                10004270 f   gzlib.obj
 0001:000032d0       _gztell@4                  100042d0 f   gzlib.obj
 0001:00003300       _gzoffset64@4              10004300 f   gzlib.obj
 0001:00003350       _gzoffset@4                10004350 f   gzlib.obj
 0001:00003380       _gzeof@4                   10004380 f   gzlib.obj
 0001:000033c0       _gzerror@8                 100043c0 f   gzlib.obj
 0001:00003410       _gzclearerr@4              10004410 f   gzlib.obj
 0001:00003450       _gz_error                  10004450 f   gzlib.obj
 0001:000039b0       _gzread@12                 100049b0 f   gzread.obj
 0001:00003b00       _gzgetc@4                  10004b00 f   gzread.obj
 0001:00003b60       _gzgetc_@4                 10004b60 f   gzread.obj
 0001:00003b70       _gzungetc@8                10004b70 f   gzread.obj
 0001:00003c50       _gzgets@12                 10004c50 f   gzread.obj
 0001:00003d60       _gzdirect@4                10004d60 f   gzread.obj
 0001:00003da0       _gzclose_r@4               10004da0 f   gzread.obj
 0001:00004110       _gzwrite@12                10005110 f   gzwrite.obj
 0001:00004230       _gzputc@8                  10005230 f   gzwrite.obj
 0001:000042e0       _gzputs@8                  100052e0 f   gzwrite.obj
 0001:00004320       _gzvprintf                 10005320 f   gzwrite.obj
 0001:000043e0       _gzprintf                  100053e0 f   gzwrite.obj
 0001:00004400       _gzflush@8                 10005400 f   gzwrite.obj
 0001:00004470       _gzsetparams@12            10005470 f   gzwrite.obj
 0001:00004520       _gzclose_w@4               10005520 f   gzwrite.obj
 0001:000045e0       _inflateBackInit_@20       100055e0 f   infback.obj
 0001:000046e0       _inflateBack@20            100056e0 f   infback.obj
 0001:000054d0       _inflateBackEnd@4          100064d0 f   infback.obj
 0001:00005510       _inflateResetKeep@4        10006510 f   inflate.obj
 0001:000055c0       _inflateReset@4            100065c0 f   inflate.obj
 0001:00005600       _inflateReset2@8           10006600 f   inflate.obj
 0001:00005690       _inflateInit2_@16          10006690 f   inflate.obj
 0001:00005750       _inflateInit_@12           10006750 f   inflate.obj
 0001:00005770       _inflatePrime@12           10006770 f   inflate.obj
 0001:00005900       _inflate@8                 10006900 f   inflate.obj
 0001:00006f60       _inflateEnd@4              10007f60 f   inflate.obj
 0001:00006fb0       _inflateGetDictionary@12   10007fb0 f   inflate.obj
 0001:00007020       _inflateSetDictionary@12   10008020 f   inflate.obj
 0001:000070c0       _inflateGetHeader@8        100080c0 f   inflate.obj
 0001:00007180       _inflateSync@4             10008180 f   inflate.obj
 0001:00007270       _inflateSyncPoint@4        10008270 f   inflate.obj
 0001:000072b0       _inflateCopy@8             100082b0 f   inflate.obj
 0001:00007410       _inflateUndermine@8        10008410 f   inflate.obj
 0001:00007440       _inflateMark@4             10008440 f   inflate.obj
 0001:000074b0       _inflate_table             100084b0 f   inftrees.obj
 0001:00007880       _call_zopen64              10008880 f   ioapi.obj
 0001:000078a0       _call_zseek64              100088a0 f   ioapi.obj
 0001:00007900       _call_ztell64              10008900 f   ioapi.obj
 0001:00007930       _fill_zlib_filefunc64_32_def_from_filefunc32 10008930 f   ioapi.obj
 0001:00007a90       _fill_fopen64_filefunc     10008a90 f   ioapi.obj
 0001:00007b80       _win32_open64_file_func    10008b80 f   iowin32.obj
 0001:00007b80       _win32_open_file_func      10008b80 f   iowin32.obj
 0001:00007b80       _win32_open64_file_funcA   10008b80 f   iowin32.obj
 0001:00007bf0       _win32_open64_file_funcW   10008bf0 f   iowin32.obj
 0001:00007c40       _win32_read_file_func      10008c40 f   iowin32.obj
 0001:00007c90       _win32_write_file_func     10008c90 f   iowin32.obj
 0001:00007d00       _win32_tell_file_func      10008d00 f   iowin32.obj
 0001:00007d60       _win32_tell64_file_func    10008d60 f   iowin32.obj
 0001:00007dc0       _win32_seek_file_func      10008dc0 f   iowin32.obj
 0001:00007e40       _win32_seek64_file_func    10008e40 f   iowin32.obj
 0001:00007eb0       _win32_close_file_func     10008eb0 f   iowin32.obj
 0001:00007ee0       _win32_error_file_func     10008ee0 f   iowin32.obj
 0001:00007f00       _fill_win32_filefunc       10008f00 f   iowin32.obj
 0001:00007f40       _fill_win32_filefunc64A    10008f40 f   iowin32.obj
 0001:00007f40       _fill_win32_filefunc64     10008f40 f   iowin32.obj
 0001:00007f80       _fill_win32_filefunc64W    10008f80 f   iowin32.obj
 0001:00007fc0       __tr_init                  10008fc0 f   trees.obj
 0001:00008f40       __tr_stored_block          10009f40 f   trees.obj
 0001:00008fd0       __tr_flush_bits            10009fd0 f   trees.obj
 0001:00008fe0       __tr_align                 10009fe0 f   trees.obj
 0001:000090d0       __tr_flush_block           1000a0d0 f   trees.obj
 0001:000098a0       _uncompress@16             1000a8a0 f   uncompr.obj
 0001:00009c80       _unzStringFileNameCompare@12 1000ac80 f   unzip.obj
 0001:0000a540       _unzOpen2@8                1000b540 f   unzip.obj
 0001:0000a590       _unzOpen2_64@8             1000b590 f   unzip.obj
 0001:0000a610       _unzOpen@4                 1000b610 f   unzip.obj
 0001:0000a630       _unzOpen64@4               1000b630 f   unzip.obj
 0001:0000a650       _unzClose@4                1000b650 f   unzip.obj
 0001:0000a690       _unzGetGlobalInfo64@8      1000b690 f   unzip.obj
 0001:0000a6c0       _unzGetGlobalInfo@8        1000b6c0 f   unzip.obj
 0001:0000aca0       _unzGetCurrentFileInfo64@32 1000bca0 f   unzip.obj
 0001:0000acd0       _unzGetCurrentFileInfo@32  1000bcd0 f   unzip.obj
 0001:0000ada0       _unzGoToFirstFile@4        1000bda0 f   unzip.obj
 0001:0000ae10       _unzGoToNextFile@4         1000be10 f   unzip.obj
 0001:0000aec0       _unzLocateFile@12          1000bec0 f   unzip.obj
 0001:0000b000       _unzGetFilePos64@8         1000c000 f   unzip.obj
 0001:0000b050       _unzGetFilePos@8           1000c050 f   unzip.obj
 0001:0000b080       _unzGoToFilePos64@8        1000c080 f   unzip.obj
 0001:0000b0f0       _unzGoToFilePos@8          1000c0f0 f   unzip.obj
 0001:0000b390       _unzOpenCurrentFile3@20    1000c390 f   unzip.obj
 0001:0000b620       _unzOpenCurrentFile@4      1000c620 f   unzip.obj
 0001:0000b640       _unzOpenCurrentFilePassword@8 1000c640 f   unzip.obj
 0001:0000b660       _unzOpenCurrentFile2@16    1000c660 f   unzip.obj
 0001:0000b680       _unzGetCurrentFileZStreamPos64@4 1000c680 f   unzip.obj
 0001:0000b6c0       _unzReadCurrentFile@12     1000c6c0 f   unzip.obj
 0001:0000b980       _unztell@4                 1000c980 f   unzip.obj
 0001:0000b9b0       _unztell64@4               1000c9b0 f   unzip.obj
 0001:0000b9e0       _unzeof@4                  1000c9e0 f   unzip.obj
 0001:0000ba20       _unzGetLocalExtrafield@12  1000ca20 f   unzip.obj
 0001:0000baf0       _unzCloseCurrentFile@4     1000caf0 f   unzip.obj
 0001:0000bb90       _unzGetGlobalComment@12    1000cb90 f   unzip.obj
 0001:0000c570       _LoadCentralDirectoryRecord 1000d570 f   zip.obj
 0001:0000ca10       _zipOpen3@16               1000da10 f   zip.obj
 0001:0000cba0       _zipOpen2@16               1000dba0 f   zip.obj
 0001:0000cbf0       _zipOpen2_64@16            1000dbf0 f   zip.obj
 0001:0000cc70       _zipOpen@8                 1000dc70 f   zip.obj
 0001:0000cc70       _zipOpen64@8               1000dc70 f   zip.obj
 0001:0000cc90       _Write_LocalFileHeader     1000dc90 f   zip.obj
 0001:0000cea0       _zipOpenNewFileInZip4_64@76 1000dea0 f   zip.obj
 0001:0000d380       _zipOpenNewFileInZip3@64   1000e380 f   zip.obj
 0001:0000d3d0       _zipOpenNewFileInZip3_64@68 1000e3d0 f   zip.obj
 0001:0000d420       _zipOpenNewFileInZip2@44   1000e420 f   zip.obj
 0001:0000d460       _zipOpenNewFileInZip2_64@48 1000e460 f   zip.obj
 0001:0000d4a0       _zipOpenNewFileInZip64@44  1000e4a0 f   zip.obj
 0001:0000d4e0       _zipOpenNewFileInZip@40    1000e4e0 f   zip.obj
 0001:0000d5e0       _zipWriteInFileInZip@12    1000e5e0 f   zip.obj
 0001:0000d6e0       _zipCloseFileInZipRaw@12   1000e6e0 f   zip.obj
 0001:0000d700       _zipCloseFileInZipRaw64@16 1000e700 f   zip.obj
 0001:0000dbf0       _zipCloseFileInZip@4       1000ebf0 f   zip.obj
 0001:0000dc10       _Write_Zip64EndOfCentralDirectoryLocator 1000ec10 f   zip.obj
 0001:0000dc90       _Write_Zip64EndOfCentralDirectoryRecord 1000ec90 f   zip.obj
 0001:0000ddb0       _Write_EndOfCentralDirectoryRecord 1000edb0 f   zip.obj
 0001:0000def0       _Write_GlobalComment       1000eef0 f   zip.obj
 0001:0000df60       _zipClose@8                1000ef60 f   zip.obj
 0001:0000e0f0       _zlibVersion@0             1000f0f0 f   zutil.obj
 0001:0000e100       _zlibCompileFlags@0        1000f100 f   zutil.obj
 0001:0000e110       _zError@4                  1000f110 f   zutil.obj
 0001:0000e130       _zcalloc                   1000f130 f   zutil.obj
 0001:0000e150       _zcfree                    1000f150 f   zutil.obj
 0001:0000e160       _longest_match             1000f160 f   match686.obj
 0001:0000e348       _match_init                1000f348 f   match686.obj
 0001:0000e450       _inflate_fast              1000f450 f   inffas32.obj
 0001:0000eae3       __lseeki64                 1000fae3 f   LIBCMT:lseeki64.obj
 0001:0000ebdf       __lseeki64_nolock          1000fbdf f   LIBCMT:lseeki64.obj
 0001:0000ece1       __wopen                    1000fce1 f   LIBCMT:wopen.obj
 0001:0000ed8e       __wsopen_nolock            1000fd8e f   LIBCMT:wopen.obj
 0001:0000f4df       _free                      100104df f   LIBCMT:free.obj
 0001:0000f517       __open                     10010517 f   LIBCMT:open.obj
 0001:0000f5c4       __sopen_helper             100105c4 f   LIBCMT:open.obj
 0001:0000f68b       __sopen_nolock             1001068b f   LIBCMT:open.obj
 0001:0000f6d7       __sopen_s                  100106d7 f   LIBCMT:open.obj
 0001:0000f6f5       _malloc                    100106f5 f   LIBCMT:malloc.obj
 0001:0000f787       __snprintf                 10010787 f   LIBCMT:snprintf.obj
 0001:0000f831       ??0_LocaleUpdate@@QAE@PAUlocaleinfo_struct@@@Z 10010831 f i LIBCMT:wcstombs.obj
 0001:0000f8b9       __wcstombs_l_helper        100108b9 f   LIBCMT:wcstombs.obj
 0001:0000fb1e       _wcstombs                  10010b1e f   LIBCMT:wcstombs.obj
 0001:0000fb36       __get_sys_err_msg          10010b36 f i LIBCMT:strerror.obj
 0001:0000fb5c       _strerror                  10010b5c f   LIBCMT:strerror.obj
 0001:0000fbd0       _memchr                    10010bd0 f   LIBCMT:memchr.obj
 0001:0000fc7d       ___doserrno                10010c7d f   LIBCMT:dosmap.obj
 0001:0000fc90       __dosmaperr                10010c90 f   LIBCMT:dosmap.obj
 0001:0000fcb1       __errno                    10010cb1 f   LIBCMT:dosmap.obj
 0001:0000fcc4       __get_errno_from_oserr     10010cc4 f   LIBCMT:dosmap.obj
 0001:0000fd05       __read                     10010d05 f   LIBCMT:read.obj
 0001:0000fe0d       __read_nolock              10010e0d f   LIBCMT:read.obj
 0001:0001059c       __close                    1001159c f   LIBCMT:close.obj
 0001:00010666       __close_nolock             10011666 f   LIBCMT:close.obj
 0001:00010700       __write                    10011700 f   LIBCMT:write.obj
 0001:000107e2       __write_nolock             100117e2 f   LIBCMT:write.obj
 0001:0001100c       __ftelli64                 1001200c f   LIBCMT:ftelli64.obj
 0001:00011080       __ftelli64_nolock          10012080 f   LIBCMT:ftelli64.obj
 0001:0001142b       __fseeki64                 1001242b f   LIBCMT:fseeki64.obj
 0001:000114ad       __fseeki64_nolock          100124ad f   LIBCMT:fseeki64.obj
 0001:0001155e       __fsopen                   1001255e f   LIBCMT:fopen.obj
 0001:00011622       _fopen                     10012622 f   LIBCMT:fopen.obj
 0001:00011637       __fread_nolock_s           10012637 f   LIBCMT:fread.obj
 0001:000117fa       _fread                     100127fa f   LIBCMT:fread.obj
 0001:00011815       _fread_s                   10012815 f   LIBCMT:fread.obj
 0001:000118a6       _ferror                    100128a6 f   LIBCMT:feoferr.obj
 0001:000118cc       __fwrite_nolock            100128cc f   LIBCMT:fwrite.obj
 0001:00011a23       _fwrite                    10012a23 f   LIBCMT:fwrite.obj
 0001:00011aa1       __fclose_nolock            10012aa1 f   LIBCMT:fclose.obj
 0001:00011b0d       _fclose                    10012b0d f   LIBCMT:fclose.obj
 0001:00011b84       _rand                      10012b84 f   LIBCMT:rand.obj
 0001:00011ba7       _srand                     10012ba7 f   LIBCMT:rand.obj
 0001:00011bb7       __time64                   10012bb7 f   LIBCMT:time64.obj
 0001:00011c06       __CRT_INIT@12              10012c06 f   LIBCMT:dllcrt0.obj
 0001:00011d78       __DllMainCRTStartup@12     10012d78 f   LIBCMT:dllcrt0.obj
 0001:00011ea9       ___DllXcptFilter           10012ea9 f   LIBCMT:dllcrt0.obj
 0001:00011ece       __call_reportfault         10012ece f   LIBCMT:invarg.obj
 0001:00011ff1       __initp_misc_invarg        10012ff1 f   LIBCMT:invarg.obj
 0001:00011ffe       __invalid_parameter        10012ffe f   LIBCMT:invarg.obj
 0001:00012029       __invalid_parameter_noinfo 10013029 f   LIBCMT:invarg.obj
 0001:00012039       __invoke_watson            10013039 f   LIBCMT:invarg.obj
 0001:00012064       ___lock_fhandle            10013064 f   LIBCMT:osfinfo.obj
 0001:000120f0       __alloc_osfhnd             100130f0 f   LIBCMT:osfinfo.obj
 0001:00012295       __free_osfhnd              10013295 f   LIBCMT:osfinfo.obj
 0001:0001231b       __get_osfhandle            1001331b f   LIBCMT:osfinfo.obj
 0001:00012382       __set_osfhnd               10013382 f   LIBCMT:osfinfo.obj
 0001:00012404       __unlock_fhandle           10013404 f   LIBCMT:osfinfo.obj
 0001:00012430       __SEH_prolog4              10013430 f   LIBCMT:sehprolg4.obj
 0001:00012475       __SEH_epilog4              10013475 f   LIBCMT:sehprolg4.obj
 0001:00012490       __except_handler4          10013490 f   LIBCMT:chandler4.obj
 0001:00012625       __ioinit                   10013625 f   LIBCMT:ioinit.obj
 0001:000128d3       __ioterm                   100138d3 f   LIBCMT:ioinit.obj
 0001:00012925       __chsize_nolock            10013925 f   LIBCMT:chsize.obj
 0001:00012ad9       __get_fmode                10013ad9 f   LIBCMT:setmode.obj
 0001:00012b03       __setmode_nolock           10013b03 f   LIBCMT:setmode.obj
 0001:00012bd0       ___crtFlsAlloc             10013bd0 f   LIBCMT:winapisupp.obj
 0001:00012bee       ___crtFlsFree              10013bee f   LIBCMT:winapisupp.obj
 0001:00012c0d       ___crtFlsGetValue          10013c0d f   LIBCMT:winapisupp.obj
 0001:00012c2c       ___crtFlsSetValue          10013c2c f   LIBCMT:winapisupp.obj
 0001:00012c4e       ___crtIsPackagedApp        10013c4e f   LIBCMT:winapisupp.obj
 0001:00012c8c       ___crtLoadWinApiPointers   10013c8c f   LIBCMT:winapisupp.obj
 0001:00012ecb       ___crtTerminateProcess     10013ecb f   LIBCMT:winapisupp.obj
 0001:00012ee0       ___crtUnhandledException   10013ee0 f   LIBCMT:winapisupp.obj
 0001:00012ef6       ___copy_path_to_wide_string 10013ef6 f   LIBCMT:crt0dat.obj
 0001:00012fa6       ___crtCorExitProcess       10013fa6 f   LIBCMT:crt0dat.obj
 0001:00012fd8       ___crtExitProcess          10013fd8 f   LIBCMT:crt0dat.obj
 0001:00012fee       ___freeCrtMemory           10013fee f   LIBCMT:crt0dat.obj
 0001:000130fe       __amsg_exit                100140fe f   LIBCMT:crt0dat.obj
 0001:0001311a       __cexit                    1001411a f   LIBCMT:crt0dat.obj
 0001:00013129       __cinit                    10014129 f   LIBCMT:crt0dat.obj
 0001:000131ba       __exit                     100141ba f   LIBCMT:crt0dat.obj
 0001:000131ce       __init_pointers            100141ce f   LIBCMT:crt0dat.obj
 0001:00013222       __initterm_e               10014222 f   LIBCMT:crt0dat.obj
 0001:00013244       __lockexit                 10014244 f   LIBCMT:crt0dat.obj
 0001:0001324d       __unlockexit               1001424d f   LIBCMT:crt0dat.obj
 0001:00013385       __heap_init                10014385 f   LIBCMT:heapinit.obj
 0001:0001339a       __heap_term                1001439a f   LIBCMT:heapinit.obj
 0001:000133a2       __callnewh                 100143a2 f   LIBCMT:handler.obj
 0001:000133c8       __initp_heap_handler       100143c8 f   LIBCMT:handler.obj
 0001:000133d5       __FF_MSGBANNER             100143d5 f   LIBCMT:crt0msg.obj
 0001:0001340e       __GET_RTERRMSG             1001440e f   LIBCMT:crt0msg.obj
 0001:00013432       __NMSG_WRITE               10014432 f   LIBCMT:crt0msg.obj
 0001:000135ed       __flsbuf                   100145ed f   LIBCMT:_flsbuf.obj
 0001:0001373a       __vsnprintf                1001473a f   LIBCMT:vsnprint.obj
 0001:0001373a       _vsnprintf                 1001473a f   LIBCMT:vsnprint.obj
 0001:00013755       __vsnprintf_l              10014755 f   LIBCMT:vsnprint.obj
 0001:000137ff       __output_l                 100147ff f   LIBCMT:output.obj
 0001:00014471       ___addlocaleref            10015471 f   LIBCMT:localref.obj
 0001:00014501       ___freetlocinfo            10015501 f   LIBCMT:localref.obj
 0001:0001465b       ___removelocaleref         1001565b f   LIBCMT:localref.obj
 0001:000146f6       ___updatetlocinfo          100156f6 f   LIBCMT:localref.obj
 0001:00014772       __updatetlocinfoEx_nolock  10015772 f   LIBCMT:localref.obj
 0001:000147bd       ___initmbctable            100157bd f   LIBCMT:mbctype.obj
 0001:00014a78       ___updatetmbcinfo          10015a78 f   LIBCMT:mbctype.obj
 0001:00014b1d       __setmbcp                  10015b1d f   LIBCMT:mbctype.obj
 0001:00014ccb       __setmbcp_nolock           10015ccb f   LIBCMT:mbctype.obj
 0001:00014ec0       __freefls@4                10015ec0 f   LIBCMT:tidtable.obj
 0001:00014ff7       __freeptd                  10015ff7 f   LIBCMT:tidtable.obj
 0001:0001502d       __getptd                   1001602d f   LIBCMT:tidtable.obj
 0001:00015045       __getptd_noexit            10016045 f   LIBCMT:tidtable.obj
 0001:000150b4       __initptd                  100160b4 f   LIBCMT:tidtable.obj
 0001:00015167       __mtinit                   10016167 f   LIBCMT:tidtable.obj
 0001:000151dd       __mtterm                   100161dd f   LIBCMT:tidtable.obj
 0001:000151fa       @__security_check_cookie@4 100161fa f   LIBCMT:secchk.obj
 0001:00015209       ___sys_errlist             10016209 f   LIBCMT:syserr.obj
 0001:0001520f       ___sys_nerr                1001620f f   LIBCMT:syserr.obj
 0001:00015215       _strcpy_s                  10016215 f   LIBCMT:strcpy_s.obj
 0001:0001526a       __calloc_crt               1001626a f   LIBCMT:crtheap.obj
 0001:000152b4       __malloc_crt               100162b4 f   LIBCMT:crtheap.obj
 0001:000152fd       __realloc_crt              100162fd f   LIBCMT:crtheap.obj
 0001:00015349       __isatty                   10016349 f   LIBCMT:isatty.obj
 0001:0001539d       __isleadbyte_l             1001639d f i LIBCMT:_wctype.obj
 0001:000153d3       _isleadbyte                100163d3 f i LIBCMT:_wctype.obj
 0001:000153e4       __mbtowc_l                 100163e4 f   LIBCMT:mbtowc.obj
 0001:000154d7       _mbtowc                    100164d7 f   LIBCMT:mbtowc.obj
 0001:000154ef       __putwch_nolock            100164ef f   LIBCMT:putwch.obj
 0001:00015530       __chkstk                   10016530 f   LIBCMT:chkstk.obj
 0001:00015530       __alloca_probe             10016530     LIBCMT:chkstk.obj
 0001:0001555b       __fileno                   1001655b f   LIBCMT:fileno.obj
 0001:0001557f       ___initstdio               1001657f f   LIBCMT:_file.obj
 0001:000155f2       ___endstdio                100165f2 f   LIBCMT:_file.obj
 0001:00015619       ___iob_func                10016619 f   LIBCMT:_file.obj
 0001:0001561f       __lock_file                1001661f f   LIBCMT:_file.obj
 0001:0001565e       __lock_file2               1001665e f   LIBCMT:_file.obj
 0001:0001568e       __unlock_file              1001668e f   LIBCMT:_file.obj
 0001:000156c8       __unlock_file2             100166c8 f   LIBCMT:_file.obj
 0001:000156f5       __fflush_nolock            100166f5 f   LIBCMT:fflush.obj
 0001:0001573b       __flush                    1001673b f   LIBCMT:fflush.obj
 0001:0001579f       __flushall                 1001679f f   LIBCMT:fflush.obj
 0001:0001588c       __getstream                1001688c f   LIBCMT:stream.obj
 0001:000159a4       __openfile                 100169a4 f   LIBCMT:_open.obj
 0001:00015c20       __local_unwind4            10016c20 f   LIBCMT:exsup4.obj
 0001:00015cf6       __seh_longjmp_unwind4@4    10016cf6 f   LIBCMT:exsup4.obj
 0001:00015d12       @_EH4_CallFilterFunc@8     10016d12 f   LIBCMT:exsup4.obj
 0001:00015d29       @_EH4_TransferToHandler@8  10016d29 f   LIBCMT:exsup4.obj
 0001:00015d42       @_EH4_GlobalUnwind2@8      10016d42 f   LIBCMT:exsup4.obj
 0001:00015d5b       @_EH4_LocalUnwind@16       10016d5b f   LIBCMT:exsup4.obj
 0001:00015d72       __filbuf                   10016d72 f   LIBCMT:_filbuf.obj
 0001:00015e93       _memcpy_s                  10016e93 f   LIBCMT:memcpy_s.obj
 0001:00015f20       _memset                    10016f20 f   LIBCMT:memset.obj
 0001:00015fb0       _memcpy                    10016fb0 f   LIBCMT:memcpy.obj
 0001:000165f4       __freebuf                  100175f4 f   LIBCMT:_freebuf.obj
 0001:00016630       __aulldiv                  10017630 f   LIBCMT:ulldiv.obj
 0001:00016698       __XcptFilter               10017698 f   LIBCMT:winxfltr.obj
 0001:000167f3       ___CppXcptFilter           100177f3 f   LIBCMT:winxfltr.obj
 0001:00016811       __setargv                  10017811 f   LIBCMT:stdargv.obj
 0001:00016a3e       __setenvp                  10017a3e f   LIBCMT:stdenvp.obj
 0001:00016b1f       ___security_init_cookie    10017b1f f   LIBCMT:gs_support.obj
 0001:00016bb9       _DllMain@12                10017bb9 f   LIBCMT:dllmain.obj
 0001:00016bbf       ___crtGetEnvironmentStringsA 10017bbf f   LIBCMT:a_env.obj
 0001:00016c4a       __RTC_Initialize           10017c4a f   LIBCMT:initsect.obj
 0001:00016c6a       __RTC_Terminate            10017c6a f   LIBCMT:initsect.obj
 0001:00016c8a       __crt_debugger_hook        10017c8a f   LIBCMT:dbghook.obj
 0001:00016c92       __lock                     10017c92 f   LIBCMT:mlock.obj
 0001:00016cc6       __mtdeletelocks            10017cc6 f   LIBCMT:mlock.obj
 0001:00016d1a       __mtinitlocknum            10017d1a f   LIBCMT:mlock.obj
 0001:00016dc1       __mtinitlocks              10017dc1 f   LIBCMT:mlock.obj
 0001:00016df6       __unlock                   10017df6 f   LIBCMT:mlock.obj
 0001:00016e10       __FindPESection            10017e10 f   LIBCMT:pesect.obj
 0001:00016e60       __IsNonwritableInCurrentImage 10017e60 f   LIBCMT:pesect.obj
 0001:00016f20       __ValidateImageBase        10017f20 f   LIBCMT:pesect.obj
 0001:00016f51       ___onexitinit              10017f51 f   LIBCMT:onexit.obj
 0001:00016f80       __onexit                   10017f80 f   LIBCMT:onexit.obj
 0001:00017076       _atexit                    10018076 f   LIBCMT:onexit.obj
 0001:0001708b       __initp_misc_cfltcvt_tab   1001808b f   LIBCMT:cmiscdat.obj
 0001:000170aa       ?terminate@@YAXXZ          100180aa f   LIBCMT:hooks.obj
 0001:000170de       __initp_eh_hooks           100180de f   LIBCMT:hooks.obj
 0001:000170ef       __initp_misc_purevirt      100180ef f   LIBCMT:inithelp.obj
 0001:000170fc       __initp_misc_rand_s        100180fc f   LIBCMT:rand_s.obj
 0001:00017109       ___get_sigabrt             10018109 f   LIBCMT:winsig.obj
 0001:00017116       __initp_misc_winsig        10018116 f   LIBCMT:winsig.obj
 0001:00017132       _raise                     10018132 f   LIBCMT:winsig.obj
 0001:00017330       _strlen                    10018330 f   LIBCMT:strlen.obj
 0001:000173bb       _wcscat_s                  100183bb f   LIBCMT:wcscat_s.obj
 0001:00017427       _wcscpy_s                  10018427 f   LIBCMT:wcscpy_s.obj
 0001:00017483       _wcslen                    10018483 f   LIBCMT:wcslen.obj
 0001:0001749c       _wcsncpy_s                 1001849c f   LIBCMT:wcsncpy_s.obj
 0001:0001755a       __set_error_mode           1001855a f   LIBCMT:errmode.obj
 0001:0001759a       ___crtMessageBoxW          1001859a f   LIBCMT:crtmboxw.obj
 0001:0001777c       __getbuf                   1001877c f   LIBCMT:_getbuf.obj
 0001:000177c2       __get_printf_count_output  100187c2 f   LIBCMT:printf.obj
 0001:000177d7       __wctomb_s_l               100187d7 f   LIBCMT:wctomb.obj
 0001:000178f9       _wctomb_s                  100188f9 f   LIBCMT:wctomb.obj
 0001:00017920       __aulldvrm                 10018920 f   LIBCMT:ulldvrm.obj
 0001:000179b5       ___free_lconv_mon          100189b5 f   LIBCMT:initmon.obj
 0001:00017ab1       ___free_lconv_num          10018ab1 f   LIBCMT:initnum.obj
 0001:00017b18       ___free_lc_time            10018b18 f   LIBCMT:inittime.obj
 0001:00018081       ___crtLCMapStringA         10019081 f   LIBCMT:a_map.obj
 0001:000180c5       __freea                    100190c5 f i LIBCMT:a_map.obj
 0001:000181cf       ___crtGetStringTypeA       100191cf f   LIBCMT:a_str.obj
 0001:0001820d       ___raise_securityfailure   1001920d f   LIBCMT:gs_report.obj
 0001:0001824a       ___report_gsfailure        1001924a f   LIBCMT:gs_report.obj
 0001:00018343       _realloc                   10019343 f   LIBCMT:realloc.obj
 0001:000183ee       __calloc_impl              100193ee f   LIBCMT:calloc_impl.obj
 0001:00018468       ___termconout              10019468 f   LIBCMT:initcon.obj
 0001:0001847f       ___initconout              1001947f f   LIBCMT:initcon.obj
 0001:0001849e       __fcloseall                1001949e f   LIBCMT:closeall.obj
 0001:0001853b       __commit                   1001953b f   LIBCMT:commit.obj
 0001:00018621       __mbsnbcmp                 10019621 f   LIBCMT:mbsnbcmp.obj
 0001:00018639       __mbsnbcmp_l               10019639 f   LIBCMT:mbsnbcmp.obj
 0001:0001874e       __mbsnbicmp                1001974e f   LIBCMT:mbsnbicm.obj
 0001:00018766       __mbsnbicmp_l              10019766 f   LIBCMT:mbsnbicm.obj
 0001:00018930       __global_unwind2           10019930 f   LIBCMT:exsup.obj
 0001:00018995       __local_unwind2            10019995 f   LIBCMT:exsup.obj
 0001:00018a19       __abnormal_termination     10019a19 f   LIBCMT:exsup.obj
 0001:00018a3c       __NLG_Notify1              10019a3c f   LIBCMT:exsup.obj
 0001:00018a45       __NLG_Notify               10019a45 f   LIBCMT:exsup.obj
 0001:00018a5c       __NLG_Dispatch2            10019a5c     LIBCMT:exsup.obj
 0001:00018a5c       __NLG_Dispatch             10019a5c     LIBCMT:exsup.obj
 0001:00018a64       __NLG_Call                 10019a64 f   LIBCMT:exsup.obj
 0001:00018a66       __NLG_Return2              10019a66     LIBCMT:exsup.obj
 0001:00018a67       __VEC_memset               10019a67 f   LIBCMT:p4_memset.obj
 0001:00018b2f       ___isa_available_init      10019b2f f   LIBCMT:cpu_disp.obj
 0001:00018cbe       __ismbblead                10019cbe f   LIBCMT:ismbbyte.obj
 0001:00018cd4       __msize                    10019cd4 f   LIBCMT:msize.obj
 0001:00018d05       __fptrap                   10019d05 f   LIBCMT:crt0fp.obj
 0001:00018d0e       _abort                     10019d0e f   LIBCMT:abort.obj
 0001:00018d51       _GetTableIndexFromLocaleName 10019d51 f   LIBCMT:winapinls.obj
 0001:00018d9f       ___crtDownlevelLocaleNameToLCID 10019d9f f   LIBCMT:winapinls.obj
 0001:00018dc9       ___crtLCMapStringEx        10019dc9 f   LIBCMT:winapinls.obj
 0001:00018e15       ___wcsnicmp_ascii          10019e15 f   LIBCMT:winapinls.obj
 0001:00018e83       __locterm                  10019e83 f   LIBCMT:wsetloca.obj
 0001:00018ee0       __alloca_probe_16          10019ee0 f   LIBCMT:alloca16.obj
 0001:00018ef6       __alloca_probe_8           10019ef6     LIBCMT:alloca16.obj
 0001:00018f10       _strncmp                   10019f10 f   LIBCMT:strncmp.obj
 0001:00018f88       __strnicmp                 10019f88 f   LIBCMT:strnicmp.obj
 0001:00018ff3       __strnicmp_l               10019ff3 f   LIBCMT:strnicmp.obj
 0001:000190b0       ___ascii_strnicmp          1001a0b0 f   LIBCMT:_strnicm.obj
 0001:00019111       __tolower_l                1001a111 f   LIBCMT:tolower.obj
 0001:00019252       __isctype_l                1001a252 f   LIBCMT:isctype.obj
 0001:00019310       __allmul                   1001a310 f   LIBCMT:llmul.obj
 0001:00019344       _IsProcessorFeaturePresent@4 1001a344 f   kernel32:KERNEL32.dll
 0001:0001934a       _RtlUnwind@16              1001a34a f   kernel32:KERNEL32.dll
 0001:00019350       __alldiv                   1001a350 f   LIBCMT:lldiv.obj
 0002:00000000       __imp__CreateFile2@20      1001b000     kernel32:KERNEL32.dll
 0002:00000004       __imp__SetFilePointerEx@20 1001b004     kernel32:KERNEL32.dll
 0002:00000008       __imp__WriteFile@20        1001b008     kernel32:KERNEL32.dll
 0002:0000000c       __imp__ReadFile@20         1001b00c     kernel32:KERNEL32.dll
 0002:00000010       __imp__MultiByteToWideChar@24 1001b010     kernel32:KERNEL32.dll
 0002:00000014       __imp__GetLastError@0      1001b014     kernel32:KERNEL32.dll
 0002:00000018       __imp__CloseHandle@4       1001b018     kernel32:KERNEL32.dll
 0002:0000001c       __imp__CreateFileW@28      1001b01c     kernel32:KERNEL32.dll
 0002:00000020       __imp__GetFileType@4       1001b020     kernel32:KERNEL32.dll
 0002:00000024       __imp__GetModuleHandleW@4  1001b024     kernel32:KERNEL32.dll
 0002:00000028       __imp__GetProcAddress@8    1001b028     kernel32:KERNEL32.dll
 0002:0000002c       __imp__HeapFree@12         1001b02c     kernel32:KERNEL32.dll
 0002:00000030       __imp__HeapAlloc@12        1001b030     kernel32:KERNEL32.dll
 0002:00000034       __imp__WideCharToMultiByte@32 1001b034     kernel32:KERNEL32.dll
 0002:00000038       __imp__GetConsoleMode@8    1001b038     kernel32:KERNEL32.dll
 0002:0000003c       __imp__ReadConsoleW@20     1001b03c     kernel32:KERNEL32.dll
 0002:00000040       __imp__GetConsoleCP@0      1001b040     kernel32:KERNEL32.dll
 0002:00000044       __imp__GetSystemTimeAsFileTime@4 1001b044     kernel32:KERNEL32.dll
 0002:00000048       __imp__GetCommandLineA@0   1001b048     kernel32:KERNEL32.dll
 0002:0000004c       __imp__GetCurrentThreadId@0 1001b04c     kernel32:KERNEL32.dll
 0002:00000050       __imp__IsDebuggerPresent@0 1001b050     kernel32:KERNEL32.dll
 0002:00000054       __imp__EncodePointer@4     1001b054     kernel32:KERNEL32.dll
 0002:00000058       __imp__DecodePointer@4     1001b058     kernel32:KERNEL32.dll
 0002:0000005c       __imp__IsProcessorFeaturePresent@4 1001b05c     kernel32:KERNEL32.dll
 0002:00000060       __imp__SetStdHandle@8      1001b060     kernel32:KERNEL32.dll
 0002:00000064       __imp__EnterCriticalSection@4 1001b064     kernel32:KERNEL32.dll
 0002:00000068       __imp__LeaveCriticalSection@4 1001b068     kernel32:KERNEL32.dll
 0002:0000006c       __imp__InitializeCriticalSectionAndSpinCount@8 1001b06c     kernel32:KERNEL32.dll
 0002:00000070       __imp__GetStdHandle@4      1001b070     kernel32:KERNEL32.dll
 0002:00000074       __imp__DeleteCriticalSection@4 1001b074     kernel32:KERNEL32.dll
 0002:00000078       __imp__GetStartupInfoW@4   1001b078     kernel32:KERNEL32.dll
 0002:0000007c       __imp__SetEndOfFile@4      1001b07c     kernel32:KERNEL32.dll
 0002:00000080       __imp__GetProcessHeap@0    1001b080     kernel32:KERNEL32.dll
 0002:00000084       __imp__UnhandledExceptionFilter@4 1001b084     kernel32:KERNEL32.dll
 0002:00000088       __imp__SetUnhandledExceptionFilter@4 1001b088     kernel32:KERNEL32.dll
 0002:0000008c       __imp__SetLastError@4      1001b08c     kernel32:KERNEL32.dll
 0002:00000090       __imp__GetCurrentProcess@0 1001b090     kernel32:KERNEL32.dll
 0002:00000094       __imp__TerminateProcess@8  1001b094     kernel32:KERNEL32.dll
 0002:00000098       __imp__TlsAlloc@0          1001b098     kernel32:KERNEL32.dll
 0002:0000009c       __imp__TlsGetValue@4       1001b09c     kernel32:KERNEL32.dll
 0002:000000a0       __imp__TlsSetValue@8       1001b0a0     kernel32:KERNEL32.dll
 0002:000000a4       __imp__TlsFree@4           1001b0a4     kernel32:KERNEL32.dll
 0002:000000a8       __imp__InterlockedDecrement@4 1001b0a8     kernel32:KERNEL32.dll
 0002:000000ac       __imp__ExitProcess@4       1001b0ac     kernel32:KERNEL32.dll
 0002:000000b0       __imp__GetModuleHandleExW@12 1001b0b0     kernel32:KERNEL32.dll
 0002:000000b4       __imp__AreFileApisANSI@0   1001b0b4     kernel32:KERNEL32.dll
 0002:000000b8       __imp__GetModuleFileNameW@12 1001b0b8     kernel32:KERNEL32.dll
 0002:000000bc       __imp__InterlockedIncrement@4 1001b0bc     kernel32:KERNEL32.dll
 0002:000000c0       __imp__IsValidCodePage@4   1001b0c0     kernel32:KERNEL32.dll
 0002:000000c4       __imp__GetACP@0            1001b0c4     kernel32:KERNEL32.dll
 0002:000000c8       __imp__GetOEMCP@0          1001b0c8     kernel32:KERNEL32.dll
 0002:000000cc       __imp__GetCPInfo@8         1001b0cc     kernel32:KERNEL32.dll
 0002:000000d0       __imp__Sleep@4             1001b0d0     kernel32:KERNEL32.dll
 0002:000000d4       __imp__WriteConsoleW@20    1001b0d4     kernel32:KERNEL32.dll
 0002:000000d8       __imp__RtlUnwind@16        1001b0d8     kernel32:KERNEL32.dll
 0002:000000dc       __imp__GetModuleFileNameA@12 1001b0dc     kernel32:KERNEL32.dll
 0002:000000e0       __imp__QueryPerformanceCounter@4 1001b0e0     kernel32:KERNEL32.dll
 0002:000000e4       __imp__GetCurrentProcessId@0 1001b0e4     kernel32:KERNEL32.dll
 0002:000000e8       __imp__GetEnvironmentStringsW@0 1001b0e8     kernel32:KERNEL32.dll
 0002:000000ec       __imp__FreeEnvironmentStringsW@4 1001b0ec     kernel32:KERNEL32.dll
 0002:000000f0       __imp__LoadLibraryExW@12   1001b0f0     kernel32:KERNEL32.dll
 0002:000000f4       __imp__OutputDebugStringW@4 1001b0f4     kernel32:KERNEL32.dll
 0002:000000f8       __imp__LoadLibraryW@4      1001b0f8     kernel32:KERNEL32.dll
 0002:000000fc       __imp__GetStringTypeW@16   1001b0fc     kernel32:KERNEL32.dll
 0002:00000100       __imp__HeapReAlloc@16      1001b100     kernel32:KERNEL32.dll
 0002:00000104       __imp__FlushFileBuffers@4  1001b104     kernel32:KERNEL32.dll
 0002:00000108       __imp__HeapSize@12         1001b108     kernel32:KERNEL32.dll
 0002:0000010c       __imp__LCMapStringW@24     1001b10c     kernel32:KERNEL32.dll
 0002:00000110       \177KERNEL32_NULL_THUNK_DATA 1001b110     kernel32:KERNEL32.dll
 0002:00000114       ___xc_a                    1001b114     LIBCMT:crt0init.obj
 0002:00000118       ___xc_z                    1001b118     LIBCMT:crt0init.obj
 0002:0000011c       ___xi_a                    1001b11c     LIBCMT:crt0init.obj
 0002:00000130       ___xi_z                    1001b130     LIBCMT:crt0init.obj
 0002:00000134       ___xp_a                    1001b134     LIBCMT:crt0init.obj
 0002:00000144       ___xp_z                    1001b144     LIBCMT:crt0init.obj
 0002:00000148       ___xt_a                    1001b148     LIBCMT:crt0init.obj
 0002:0000014c       ___xt_z                    1001b14c     LIBCMT:crt0init.obj
 0002:00000150       ??_C@_0M@HHGEPIBF@CreateFile2?$AA@ 1001b150     LIBCMT:wopen.obj
 0002:0000015c       ??_C@_1BK@MGMFAEKH@?$AAk?$AAe?$AAr?$AAn?$AAe?$AAl?$AA3?$AA2?$AA?4?$AAd?$AAl?$AAl?$AA?$AA@ 1001b15c     LIBCMT:wopen.obj
 0002:00000178       ??_C@_0EA@FCLIIPNN@Visual?5C?$CL?$CL?5CRT?3?5Not?5enough?5memor@ 1001b178     LIBCMT:strerror.obj
 0002:000001b8       __pRawDllMain              1001b1b8     LIBCMT:dllcrt0.obj
 0002:000001b8       __pDefaultRawDllMain       1001b1b8     LIBCMT:dllcrt0.obj
 0002:000001bc       ??_C@_08KNHFBNJ@FlsAlloc?$AA@ 1001b1bc     LIBCMT:winapisupp.obj
 0002:000001c8       ??_C@_07PEJMOBNF@FlsFree?$AA@ 1001b1c8     LIBCMT:winapisupp.obj
 0002:000001d0       ??_C@_0M@GDNOONDI@FlsGetValue?$AA@ 1001b1d0     LIBCMT:winapisupp.obj
 0002:000001dc       ??_C@_0M@JCPCPOEF@FlsSetValue?$AA@ 1001b1dc     LIBCMT:winapisupp.obj
 0002:000001e8       ??_C@_0BM@HCFOFFN@InitializeCriticalSectionEx?$AA@ 1001b1e8     LIBCMT:winapisupp.obj
 0002:00000204       ??_C@_0BD@KIEEOEEH@CreateSemaphoreExW?$AA@ 1001b204     LIBCMT:winapisupp.obj
 0002:00000218       ??_C@_0BI@BKLFFAPO@SetThreadStackGuarantee?$AA@ 1001b218     LIBCMT:winapisupp.obj
 0002:00000230       ??_C@_0BG@OGFAJCKC@CreateThreadpoolTimer?$AA@ 1001b230     LIBCMT:winapisupp.obj
 0002:00000248       ??_C@_0BD@LPLEMMDI@SetThreadpoolTimer?$AA@ 1001b248     LIBCMT:winapisupp.obj
 0002:0000025c       ??_C@_0CA@FMNJENH@WaitForThreadpoolTimerCallbacks?$AA@ 1001b25c     LIBCMT:winapisupp.obj
 0002:0000027c       ??_C@_0BF@DCFCCNOC@CloseThreadpoolTimer?$AA@ 1001b27c     LIBCMT:winapisupp.obj
 0002:00000294       ??_C@_0BF@FLABGKKM@CreateThreadpoolWait?$AA@ 1001b294     LIBCMT:winapisupp.obj
 0002:000002ac       ??_C@_0BC@MGCOHNA@SetThreadpoolWait?$AA@ 1001b2ac     LIBCMT:winapisupp.obj
 0002:000002c0       ??_C@_0BE@OCIOMIMP@CloseThreadpoolWait?$AA@ 1001b2c0     LIBCMT:winapisupp.obj
 0002:000002d4       ??_C@_0BJ@LKGHFHBO@FlushProcessWriteBuffers?$AA@ 1001b2d4     LIBCMT:winapisupp.obj
 0002:000002f0       ??_C@_0BP@KALKKPMO@FreeLibraryWhenCallbackReturns?$AA@ 1001b2f0     LIBCMT:winapisupp.obj
 0002:00000310       ??_C@_0BK@DFNBACLA@GetCurrentProcessorNumber?$AA@ 1001b310     LIBCMT:winapisupp.obj
 0002:0000032c       ??_C@_0BP@KHGALBC@GetLogicalProcessorInformation?$AA@ 1001b32c     LIBCMT:winapisupp.obj
 0002:0000034c       ??_C@_0BE@FKKLLFLM@CreateSymbolicLinkW?$AA@ 1001b34c     LIBCMT:winapisupp.obj
 0002:00000360       ??_C@_0BJ@OHNKDLIJ@SetDefaultDllDirectories?$AA@ 1001b360     LIBCMT:winapisupp.obj
 0002:0000037c       ??_C@_0BE@LJANKFHF@EnumSystemLocalesEx?$AA@ 1001b37c     LIBCMT:winapisupp.obj
 0002:00000390       ??_C@_0BA@IHGNDAEB@CompareStringEx?$AA@ 1001b390     LIBCMT:winapisupp.obj
 0002:000003a0       ??_C@_0BA@EPCJIIPD@GetDateFormatEx?$AA@ 1001b3a0     LIBCMT:winapisupp.obj
 0002:000003b0       ??_C@_0BA@ONOKGCMP@GetLocaleInfoEx?$AA@ 1001b3b0     LIBCMT:winapisupp.obj
 0002:000003c0       ??_C@_0BA@CIJJKCJJ@GetTimeFormatEx?$AA@ 1001b3c0     LIBCMT:winapisupp.obj
 0002:000003d0       ??_C@_0BJ@PBCCBIPI@GetUserDefaultLocaleName?$AA@ 1001b3d0     LIBCMT:winapisupp.obj
 0002:000003ec       ??_C@_0BC@CELBKLLA@IsValidLocaleName?$AA@ 1001b3ec     LIBCMT:winapisupp.obj
 0002:00000400       ??_C@_0O@KKBNKAPF@LCMapStringEx?$AA@ 1001b400     LIBCMT:winapisupp.obj
 0002:00000410       ??_C@_0BE@JOGNEJCI@GetCurrentPackageId?$AA@ 1001b410     LIBCMT:winapisupp.obj
 0002:00000424       ??_C@_1BI@BGOHAHKC@?$AAm?$AAs?$AAc?$AAo?$AAr?$AAe?$AAe?$AA?4?$AAd?$AAl?$AAl?$AA?$AA@ 1001b424     LIBCMT:crt0dat.obj
 0002:0000043c       ??_C@_0P@MIGLKIOC@CorExitProcess?$AA@ 1001b43c     LIBCMT:crt0dat.obj
 0002:00000450       ??_C@_1FE@LLNEDJMD@?$AAR?$AA6?$AA0?$AA0?$AA8?$AA?$AN?$AA?6?$AA?9?$AA?5?$AAn?$AAo?$AAt?$AA?5?$AAe?$AAn?$AAo?$AAu?$AAg?$AAh?$AA?5?$AAs?$AAp?$AAa?$AAc?$AAe?$AA?5?$AAf?$AAo?$AAr?$AA?5?$AAa?$AAr@ 1001b450     LIBCMT:crt0msg.obj
 0002:000004a8       ??_C@_1FI@HONFMGBI@?$AAR?$AA6?$AA0?$AA0?$AA9?$AA?$AN?$AA?6?$AA?9?$AA?5?$AAn?$AAo?$AAt?$AA?5?$AAe?$AAn?$AAo?$AAu?$AAg?$AAh?$AA?5?$AAs?$AAp?$AAa?$AAc?$AAe?$AA?5?$AAf?$AAo?$AAr?$AA?5?$AAe?$AAn@ 1001b4a8     LIBCMT:crt0msg.obj
 0002:00000500       ??_C@_1EG@BEHAGFJD@?$AAR?$AA6?$AA0?$AA1?$AA0?$AA?$AN?$AA?6?$AA?9?$AA?5?$AAa?$AAb?$AAo?$AAr?$AAt?$AA?$CI?$AA?$CJ?$AA?5?$AAh?$AAa?$AAs?$AA?5?$AAb?$AAe?$AAe?$AAn?$AA?5?$AAc?$AAa?$AAl?$AAl?$AAe?$AAd@ 1001b500     LIBCMT:crt0msg.obj
 0002:00000548       ??_C@_1FI@LOGNIKDM@?$AAR?$AA6?$AA0?$AA1?$AA6?$AA?$AN?$AA?6?$AA?9?$AA?5?$AAn?$AAo?$AAt?$AA?5?$AAe?$AAn?$AAo?$AAu?$AAg?$AAh?$AA?5?$AAs?$AAp?$AAa?$AAc?$AAe?$AA?5?$AAf?$AAo?$AAr?$AA?5?$AAt?$AAh@ 1001b548     LIBCMT:crt0msg.obj
 0002:000005a0       ??_C@_1FK@BEOGODMC@?$AAR?$AA6?$AA0?$AA1?$AA7?$AA?$AN?$AA?6?$AA?9?$AA?5?$AAu?$AAn?$AAe?$AAx?$AAp?$AAe?$AAc?$AAt?$AAe?$AAd?$AA?5?$AAm?$AAu?$AAl?$AAt?$AAi?$AAt?$AAh?$AAr?$AAe?$AAa?$AAd?$AA?5@ 1001b5a0     LIBCMT:crt0msg.obj
 0002:00000600       ??_C@_1EC@JIBHAOPH@?$AAR?$AA6?$AA0?$AA1?$AA8?$AA?$AN?$AA?6?$AA?9?$AA?5?$AAu?$AAn?$AAe?$AAx?$AAp?$AAe?$AAc?$AAt?$AAe?$AAd?$AA?5?$AAh?$AAe?$AAa?$AAp?$AA?5?$AAe?$AAr?$AAr?$AAo?$AAr?$AA?$AN?$AA?6@ 1001b600     LIBCMT:crt0msg.obj
 0002:00000648       ??_C@_1FC@ECHBIFBC@?$AAR?$AA6?$AA0?$AA1?$AA9?$AA?$AN?$AA?6?$AA?9?$AA?5?$AAu?$AAn?$AAa?$AAb?$AAl?$AAe?$AA?5?$AAt?$AAo?$AA?5?$AAo?$AAp?$AAe?$AAn?$AA?5?$AAc?$AAo?$AAn?$AAs?$AAo?$AAl?$AAe?$AA?5@ 1001b648     LIBCMT:crt0msg.obj
 0002:000006a0       ??_C@_1GK@FHCKBEFA@?$AAR?$AA6?$AA0?$AA2?$AA4?$AA?$AN?$AA?6?$AA?9?$AA?5?$AAn?$AAo?$AAt?$AA?5?$AAe?$AAn?$AAo?$AAu?$AAg?$AAh?$AA?5?$AAs?$AAp?$AAa?$AAc?$AAe?$AA?5?$AAf?$AAo?$AAr?$AA?5?$AA_?$AAo@ 1001b6a0     LIBCMT:crt0msg.obj
 0002:00000710       ??_C@_1EM@MAADIHMB@?$AAR?$AA6?$AA0?$AA2?$AA5?$AA?$AN?$AA?6?$AA?9?$AA?5?$AAp?$AAu?$AAr?$AAe?$AA?5?$AAv?$AAi?$AAr?$AAt?$AAu?$AAa?$AAl?$AA?5?$AAf?$AAu?$AAn?$AAc?$AAt?$AAi?$AAo?$AAn?$AA?5?$AAc@ 1001b710     LIBCMT:crt0msg.obj
 0002:00000760       ??_C@_1GK@MCAAGJMO@?$AAR?$AA6?$AA0?$AA2?$AA6?$AA?$AN?$AA?6?$AA?9?$AA?5?$AAn?$AAo?$AAt?$AA?5?$AAe?$AAn?$AAo?$AAu?$AAg?$AAh?$AA?5?$AAs?$AAp?$AAa?$AAc?$AAe?$AA?5?$AAf?$AAo?$AAr?$AA?5?$AAs?$AAt@ 1001b760     LIBCMT:crt0msg.obj
 0002:000007d0       ??_C@_1GK@MFGOKLAG@?$AAR?$AA6?$AA0?$AA2?$AA7?$AA?$AN?$AA?6?$AA?9?$AA?5?$AAn?$AAo?$AAt?$AA?5?$AAe?$AAn?$AAo?$AAu?$AAg?$AAh?$AA?5?$AAs?$AAp?$AAa?$AAc?$AAe?$AA?5?$AAf?$AAo?$AAr?$AA?5?$AAl?$AAo@ 1001b7d0     LIBCMT:crt0msg.obj
 0002:00000840       ??_C@_1EK@HHFLMAOL@?$AAR?$AA6?$AA0?$AA2?$AA8?$AA?$AN?$AA?6?$AA?9?$AA?5?$AAu?$AAn?$AAa?$AAb?$AAl?$AAe?$AA?5?$AAt?$AAo?$AA?5?$AAi?$AAn?$AAi?$AAt?$AAi?$AAa?$AAl?$AAi?$AAz?$AAe?$AA?5?$AAh?$AAe@ 1001b840     LIBCMT:crt0msg.obj
 0002:0000088c       ??_C@_1DO@BMFCDCD@?$AAR?$AA6?$AA0?$AA3?$AA0?$AA?$AN?$AA?6?$AA?9?$AA?5?$AAC?$AAR?$AAT?$AA?5?$AAn?$AAo?$AAt?$AA?5?$AAi?$AAn?$AAi?$AAt?$AAi?$AAa?$AAl?$AAi?$AAz?$AAe?$AAd?$AA?$AN?$AA?6?$AA?$AA@ 1001b88c     LIBCMT:crt0msg.obj
 0002:000008d0       ??_C@_1MG@ENCOOIDF@?$AAR?$AA6?$AA0?$AA3?$AA1?$AA?$AN?$AA?6?$AA?9?$AA?5?$AAA?$AAt?$AAt?$AAe?$AAm?$AAp?$AAt?$AA?5?$AAt?$AAo?$AA?5?$AAi?$AAn?$AAi?$AAt?$AAi?$AAa?$AAl?$AAi?$AAz?$AAe?$AA?5?$AAt@ 1001b8d0     LIBCMT:crt0msg.obj
 0002:00000998       ??_C@_1GG@GOPILAJP@?$AAR?$AA6?$AA0?$AA3?$AA2?$AA?$AN?$AA?6?$AA?9?$AA?5?$AAn?$AAo?$AAt?$AA?5?$AAe?$AAn?$AAo?$AAu?$AAg?$AAh?$AA?5?$AAs?$AAp?$AAa?$AAc?$AAe?$AA?5?$AAf?$AAo?$AAr?$AA?5?$AAl?$AAo@ 1001b998     LIBCMT:crt0msg.obj
 0002:00000a00       ??_C@_1BOO@KGEDBGAJ@?$AAR?$AA6?$AA0?$AA3?$AA3?$AA?$AN?$AA?6?$AA?9?$AA?5?$AAA?$AAt?$AAt?$AAe?$AAm?$AAp?$AAt?$AA?5?$AAt?$AAo?$AA?5?$AAu?$AAs?$AAe?$AA?5?$AAM?$AAS?$AAI?$AAL?$AA?5?$AAc?$AAo?$AAd@ 1001ba00     LIBCMT:crt0msg.obj
 0002:00000bf0       ??_C@_1GG@MKFPEKFO@?$AAR?$AA6?$AA0?$AA3?$AA4?$AA?$AN?$AA?6?$AA?9?$AA?5?$AAi?$AAn?$AAc?$AAo?$AAn?$AAs?$AAi?$AAs?$AAt?$AAe?$AAn?$AAt?$AA?5?$AAo?$AAn?$AAe?$AAx?$AAi?$AAt?$AA?5?$AAb?$AAe?$AAg@ 1001bbf0     LIBCMT:crt0msg.obj
 0002:00000c58       ??_C@_1BO@BFCDCGC@?$AAD?$AAO?$AAM?$AAA?$AAI?$AAN?$AA?5?$AAe?$AAr?$AAr?$AAo?$AAr?$AA?$AN?$AA?6?$AA?$AA@ 1001bc58     LIBCMT:crt0msg.obj
 0002:00000c78       ??_C@_1BK@KMOMNAAI@?$AAS?$AAI?$AAN?$AAG?$AA?5?$AAe?$AAr?$AAr?$AAo?$AAr?$AA?$AN?$AA?6?$AA?$AA@ 1001bc78     LIBCMT:crt0msg.obj
 0002:00000c94       ??_C@_1BM@JBBEPPHI@?$AAT?$AAL?$AAO?$AAS?$AAS?$AA?5?$AAe?$AAr?$AAr?$AAo?$AAr?$AA?$AN?$AA?6?$AA?$AA@ 1001bc94     LIBCMT:crt0msg.obj
 0002:00000cb0       ??_C@_15JNBOKNOG@?$AA?$AN?$AA?6?$AA?$AA@ 1001bcb0     LIBCMT:crt0msg.obj
 0002:00000cb8       ??_C@_1BO@BKOMIGKJ@?$AAr?$AAu?$AAn?$AAt?$AAi?$AAm?$AAe?$AA?5?$AAe?$AAr?$AAr?$AAo?$AAr?$AA?5?$AA?$AA@ 1001bcb8     LIBCMT:crt0msg.obj
 0002:00000d90       ??_C@_1FK@PGACCAFB@?$AAR?$AA6?$AA0?$AA0?$AA2?$AA?$AN?$AA?6?$AA?9?$AA?5?$AAf?$AAl?$AAo?$AAa?$AAt?$AAi?$AAn?$AAg?$AA?5?$AAp?$AAo?$AAi?$AAn?$AAt?$AA?5?$AAs?$AAu?$AAp?$AAp?$AAo?$AAr?$AAt?$AA?5@ 1001bd90     LIBCMT:crt0msg.obj
 0002:00000dec       ??_C@_1DE@JNGNBFGO@?$AAR?$AAu?$AAn?$AAt?$AAi?$AAm?$AAe?$AA?5?$AAE?$AAr?$AAr?$AAo?$AAr?$AA?$CB?$AA?6?$AA?6?$AAP?$AAr?$AAo?$AAg?$AAr?$AAa?$AAm?$AA?3?$AA?5?$AA?$AA@ 1001bdec     LIBCMT:crt0msg.obj
 0002:00000e20       ??_C@_1CO@EAEJAADC@?$AA?$DM?$AAp?$AAr?$AAo?$AAg?$AAr?$AAa?$AAm?$AA?5?$AAn?$AAa?$AAm?$AAe?$AA?5?$AAu?$AAn?$AAk?$AAn?$AAo?$AAw?$AAn?$AA?$DO?$AA?$AA@ 1001be20     LIBCMT:crt0msg.obj
 0002:00000e50       ??_C@_17LGKOMLJ@?$AA?4?$AA?4?$AA?4?$AA?$AA@ 1001be50     LIBCMT:crt0msg.obj
 0002:00000e58       ??_C@_15IABLJNFO@?$AA?6?$AA?6?$AA?$AA@ 1001be58     LIBCMT:crt0msg.obj
 0002:00000e60       ??_C@_1EK@MBDPDCGA@?$AAM?$AAi?$AAc?$AAr?$AAo?$AAs?$AAo?$AAf?$AAt?$AA?5?$AAV?$AAi?$AAs?$AAu?$AAa?$AAl?$AA?5?$AAC?$AA?$CL?$AA?$CL?$AA?5?$AAR?$AAu?$AAn?$AAt?$AAi?$AAm?$AAe?$AA?5?$AAL?$AAi?$AAb@ 1001be60     LIBCMT:crt0msg.obj
 0002:00000eac       ??_C@_06OJHGLDPL@?$CInull?$CJ?$AA@ 1001beac     LIBCMT:output.obj
 0002:00000eb4       ??_C@_1O@CEDCILHN@?$AA?$CI?$AAn?$AAu?$AAl?$AAl?$AA?$CJ?$AA?$AA@ 1001beb4     LIBCMT:output.obj
 0002:00000ec8       ___lookuptable             1001bec8     LIBCMT:output.obj
 0002:00000f34       ??_C@_1M@HPNHIDJI@?$AAj?$AAa?$AA?9?$AAJ?$AAP?$AA?$AA@ 1001bf34     LIBCMT:mbctype.obj
 0002:00000f40       ??_C@_1M@BIBDDEMK@?$AAz?$AAh?$AA?9?$AAC?$AAN?$AA?$AA@ 1001bf40     LIBCMT:mbctype.obj
 0002:00000f4c       ??_C@_1M@JLOOOEGK@?$AAk?$AAo?$AA?9?$AAK?$AAR?$AA?$AA@ 1001bf4c     LIBCMT:mbctype.obj
 0002:00000f58       ??_C@_1M@CLNBBOPM@?$AAz?$AAh?$AA?9?$AAT?$AAW?$AA?$AA@ 1001bf58     LIBCMT:mbctype.obj
 0002:00000f64       ??_C@_03KOEHGMDN@Sun?$AA@  1001bf64     LIBCMT:nlsdata.obj
 0002:00000f68       ??_C@_03PDAGKDH@Mon?$AA@   1001bf68     LIBCMT:nlsdata.obj
 0002:00000f6c       ??_C@_03NAGEINEP@Tue?$AA@  1001bf6c     LIBCMT:nlsdata.obj
 0002:00000f70       ??_C@_03MHOMLAJA@Wed?$AA@  1001bf70     LIBCMT:nlsdata.obj
 0002:00000f74       ??_C@_03IOFIKPDN@Thu?$AA@  1001bf74     LIBCMT:nlsdata.obj
 0002:00000f78       ??_C@_03IDIOELNC@Fri?$AA@  1001bf78     LIBCMT:nlsdata.obj
 0002:00000f7c       ??_C@_03FEFJNEK@Sat?$AA@   1001bf7c     LIBCMT:nlsdata.obj
 0002:00000f80       ??_C@_06OOPIFAJ@Sunday?$AA@ 1001bf80     LIBCMT:nlsdata.obj
 0002:00000f88       ??_C@_06JLEDEDGH@Monday?$AA@ 1001bf88     LIBCMT:nlsdata.obj
 0002:00000f90       ??_C@_07BAAGCFCM@Tuesday?$AA@ 1001bf90     LIBCMT:nlsdata.obj
 0002:00000f98       ??_C@_09DLIGFAKA@Wednesday?$AA@ 1001bf98     LIBCMT:nlsdata.obj
 0002:00000fa4       ??_C@_08HACCIKIA@Thursday?$AA@ 1001bfa4     LIBCMT:nlsdata.obj
 0002:00000fb0       ??_C@_06JECMNKMI@Friday?$AA@ 1001bfb0     LIBCMT:nlsdata.obj
 0002:00000fb8       ??_C@_08INBOOONO@Saturday?$AA@ 1001bfb8     LIBCMT:nlsdata.obj
 0002:00000fc4       ??_C@_03JIHJHPIE@Jan?$AA@  1001bfc4     LIBCMT:nlsdata.obj
 0002:00000fc8       ??_C@_03HJBDCHOM@Feb?$AA@  1001bfc8     LIBCMT:nlsdata.obj
 0002:00000fcc       ??_C@_03ODNJBKGA@Mar?$AA@  1001bfcc     LIBCMT:nlsdata.obj
 0002:00000fd0       ??_C@_03LEOLGMJP@Apr?$AA@  1001bfd0     LIBCMT:nlsdata.obj
 0002:00000fd4       ??_C@_03CNMDKL@May?$AA@    1001bfd4     LIBCMT:nlsdata.obj
 0002:00000fd8       ??_C@_03IDFGHECI@Jun?$AA@  1001bfd8     LIBCMT:nlsdata.obj
 0002:00000fdc       ??_C@_03LBGABGKK@Jul?$AA@  1001bfdc     LIBCMT:nlsdata.obj
 0002:00000fe0       ??_C@_03IFJFEIGA@Aug?$AA@  1001bfe0     LIBCMT:nlsdata.obj
 0002:00000fe4       ??_C@_03GGCAPAJC@Sep?$AA@  1001bfe4     LIBCMT:nlsdata.obj
 0002:00000fe8       ??_C@_03BMAOKBAD@Oct?$AA@  1001bfe8     LIBCMT:nlsdata.obj
 0002:00000fec       ??_C@_03JPJOFNIA@Nov?$AA@  1001bfec     LIBCMT:nlsdata.obj
 0002:00000ff0       ??_C@_03MKABNOCG@Dec?$AA@  1001bff0     LIBCMT:nlsdata.obj
 0002:00000ff4       ??_C@_07CGJPFGJA@January?$AA@ 1001bff4     LIBCMT:nlsdata.obj
 0002:00000ffc       ??_C@_08GNJGEPFN@February?$AA@ 1001bffc     LIBCMT:nlsdata.obj
 0002:00001008       ??_C@_05HPCKOFNC@March?$AA@ 1001c008     LIBCMT:nlsdata.obj
 0002:00001010       ??_C@_05DMJDNLEJ@April?$AA@ 1001c010     LIBCMT:nlsdata.obj
 0002:00001018       ??_C@_04CNLMGBGM@June?$AA@ 1001c018     LIBCMT:nlsdata.obj
 0002:00001020       ??_C@_04MIEPOIFP@July?$AA@ 1001c020     LIBCMT:nlsdata.obj
 0002:00001028       ??_C@_06LBBHFDDG@August?$AA@ 1001c028     LIBCMT:nlsdata.obj
 0002:00001030       ??_C@_09BHHEALKD@September?$AA@ 1001c030     LIBCMT:nlsdata.obj
 0002:0000103c       ??_C@_07JJNFCEND@October?$AA@ 1001c03c     LIBCMT:nlsdata.obj
 0002:00001044       ??_C@_08HCHEGEOA@November?$AA@ 1001c044     LIBCMT:nlsdata.obj
 0002:00001050       ??_C@_08EDHMEBNP@December?$AA@ 1001c050     LIBCMT:nlsdata.obj
 0002:0000105c       ??_C@_02DEDBPAFC@AM?$AA@   1001c05c     LIBCMT:nlsdata.obj
 0002:00001060       ??_C@_02CJNFDJBF@PM?$AA@   1001c060     LIBCMT:nlsdata.obj
 0002:00001064       ??_C@_08BPBNCDIB@MM?1dd?1yy?$AA@ 1001c064     LIBCMT:nlsdata.obj
 0002:00001070       ??_C@_0BE@CKGJFCPC@dddd?0?5MMMM?5dd?0?5yyyy?$AA@ 1001c070     LIBCMT:nlsdata.obj
 0002:00001084       ??_C@_08JCCMCCIL@HH?3mm?3ss?$AA@ 1001c084     LIBCMT:nlsdata.obj
 0002:00001090       ??_C@_17MBGCMIPB@?$AAS?$AAu?$AAn?$AA?$AA@ 1001c090     LIBCMT:nlsdata.obj
 0002:00001098       ??_C@_17KBOMKBF@?$AAM?$AAo?$AAn?$AA?$AA@ 1001c098     LIBCMT:nlsdata.obj
 0002:000010a0       ??_C@_17BMKGEGOJ@?$AAT?$AAu?$AAe?$AA?$AA@ 1001c0a0     LIBCMT:nlsdata.obj
 0002:000010a8       ??_C@_17CJEDCEPE@?$AAW?$AAe?$AAd?$AA?$AA@ 1001c0a8     LIBCMT:nlsdata.obj
 0002:000010b0       ??_C@_17PDPHAADD@?$AAT?$AAh?$AAu?$AA?$AA@ 1001c0b0     LIBCMT:nlsdata.obj
 0002:000010b8       ??_C@_17HFOLPPLP@?$AAF?$AAr?$AAi?$AA?$AA@ 1001c0b8     LIBCMT:nlsdata.obj
 0002:000010c0       ??_C@_17GGIBDPIH@?$AAS?$AAa?$AAt?$AA?$AA@ 1001c0c0     LIBCMT:nlsdata.obj
 0002:000010c8       ??_C@_1O@IHNHDHPB@?$AAS?$AAu?$AAn?$AAd?$AAa?$AAy?$AA?$AA@ 1001c0c8     LIBCMT:nlsdata.obj
 0002:000010d8       ??_C@_1O@MMNBFLIA@?$AAM?$AAo?$AAn?$AAd?$AAa?$AAy?$AA?$AA@ 1001c0d8     LIBCMT:nlsdata.obj
 0002:000010e8       ??_C@_1BA@ENFBFFEK@?$AAT?$AAu?$AAe?$AAs?$AAd?$AAa?$AAy?$AA?$AA@ 1001c0e8     LIBCMT:nlsdata.obj
 0002:000010f8       ??_C@_1BE@EBOGMDOH@?$AAW?$AAe?$AAd?$AAn?$AAe?$AAs?$AAd?$AAa?$AAy?$AA?$AA@ 1001c0f8     LIBCMT:nlsdata.obj
 0002:0000110c       ??_C@_1BC@HHMNLIHE@?$AAT?$AAh?$AAu?$AAr?$AAs?$AAd?$AAa?$AAy?$AA?$AA@ 1001c10c     LIBCMT:nlsdata.obj
 0002:00001120       ??_C@_1O@PDICJHAG@?$AAF?$AAr?$AAi?$AAd?$AAa?$AAy?$AA?$AA@ 1001c120     LIBCMT:nlsdata.obj
 0002:00001130       ??_C@_1BC@ENMNNPAJ@?$AAS?$AAa?$AAt?$AAu?$AAr?$AAd?$AAa?$AAy?$AA?$AA@ 1001c130     LIBCMT:nlsdata.obj
 0002:00001144       ??_C@_17DKNBKCHM@?$AAJ?$AAa?$AAn?$AA?$AA@ 1001c144     LIBCMT:nlsdata.obj
 0002:0000114c       ??_C@_17LMDJEKJN@?$AAF?$AAe?$AAb?$AA?$AA@ 1001c14c     LIBCMT:nlsdata.obj
 0002:00001154       ??_C@_17CKNLEDEC@?$AAM?$AAa?$AAr?$AA?$AA@ 1001c154     LIBCMT:nlsdata.obj
 0002:0000115c       ??_C@_17LFPOIHDD@?$AAA?$AAp?$AAr?$AA?$AA@ 1001c15c     LIBCMT:nlsdata.obj
 0002:00001164       ??_C@_17PNNKMEED@?$AAM?$AAa?$AAy?$AA?$AA@ 1001c164     LIBCMT:nlsdata.obj
 0002:0000116c       ??_C@_17KCJGOCPB@?$AAJ?$AAu?$AAn?$AA?$AA@ 1001c16c     LIBCMT:nlsdata.obj
 0002:00001174       ??_C@_17IJPCKHK@?$AAJ?$AAu?$AAl?$AA?$AA@ 1001c174     LIBCMT:nlsdata.obj
 0002:0000117c       ??_C@_17ICPELBCN@?$AAA?$AAu?$AAg?$AA?$AA@ 1001c17c     LIBCMT:nlsdata.obj
 0002:00001184       ??_C@_17HCHCOKMG@?$AAS?$AAe?$AAp?$AA?$AA@ 1001c184     LIBCMT:nlsdata.obj
 0002:0000118c       ??_C@_17FNLKOI@?$AAO?$AAc?$AAt?$AA?$AA@ 1001c18c     LIBCMT:nlsdata.obj
 0002:00001194       ??_C@_17BBDMLCIG@?$AAN?$AAo?$AAv?$AA?$AA@ 1001c194     LIBCMT:nlsdata.obj
 0002:0000119c       ??_C@_17EGKACKIF@?$AAD?$AAe?$AAc?$AA?$AA@ 1001c19c     LIBCMT:nlsdata.obj
 0002:000011a4       ??_C@_1BA@EFMEIEBA@?$AAJ?$AAa?$AAn?$AAu?$AAa?$AAr?$AAy?$AA?$AA@ 1001c1a4     LIBCMT:nlsdata.obj
 0002:000011b4       ??_C@_1BC@JGDDFFAM@?$AAF?$AAe?$AAb?$AAr?$AAu?$AAa?$AAr?$AAy?$AA?$AA@ 1001c1b4     LIBCMT:nlsdata.obj
 0002:000011c8       ??_C@_1M@IKEENEDF@?$AAM?$AAa?$AAr?$AAc?$AAh?$AA?$AA@ 1001c1c8     LIBCMT:nlsdata.obj
 0002:000011d4       ??_C@_1M@GJNLMHFD@?$AAA?$AAp?$AAr?$AAi?$AAl?$AA?$AA@ 1001c1d4     LIBCMT:nlsdata.obj
 0002:000011e0       ??_C@_19EPFLPGAP@?$AAJ?$AAu?$AAn?$AAe?$AA?$AA@ 1001c1e0     LIBCMT:nlsdata.obj
 0002:000011ec       ??_C@_19BIFMLPCD@?$AAJ?$AAu?$AAl?$AAy?$AA?$AA@ 1001c1ec     LIBCMT:nlsdata.obj
 0002:000011f8       ??_C@_1O@PAHLKOAC@?$AAA?$AAu?$AAg?$AAu?$AAs?$AAt?$AA?$AA@ 1001c1f8     LIBCMT:nlsdata.obj
 0002:00001208       ??_C@_1BE@DKAAMBJL@?$AAS?$AAe?$AAp?$AAt?$AAe?$AAm?$AAb?$AAe?$AAr?$AA?$AA@ 1001c208     LIBCMT:nlsdata.obj
 0002:0000121c       ??_C@_1BA@EPANDLNG@?$AAO?$AAc?$AAt?$AAo?$AAb?$AAe?$AAr?$AA?$AA@ 1001c21c     LIBCMT:nlsdata.obj
 0002:0000122c       ??_C@_1BC@BGLIFPF@?$AAN?$AAo?$AAv?$AAe?$AAm?$AAb?$AAe?$AAr?$AA?$AA@ 1001c22c     LIBCMT:nlsdata.obj
 0002:00001240       ??_C@_1BC@FEMKIFH@?$AAD?$AAe?$AAc?$AAe?$AAm?$AAb?$AAe?$AAr?$AA?$AA@ 1001c240     LIBCMT:nlsdata.obj
 0002:00001254       ??_C@_15ODEHAHHF@?$AAA?$AAM?$AA?$AA@ 1001c254     LIBCMT:nlsdata.obj
 0002:0000125c       ??_C@_15CLMNNGEL@?$AAP?$AAM?$AA?$AA@ 1001c25c     LIBCMT:nlsdata.obj
 0002:00001264       ??_C@_1BC@IEBCMHCM@?$AAM?$AAM?$AA?1?$AAd?$AAd?$AA?1?$AAy?$AAy?$AA?$AA@ 1001c264     LIBCMT:nlsdata.obj
 0002:00001278       ??_C@_1CI@KNAKOEBC@?$AAd?$AAd?$AAd?$AAd?$AA?0?$AA?5?$AAM?$AAM?$AAM?$AAM?$AA?5?$AAd?$AAd?$AA?0?$AA?5?$AAy?$AAy?$AAy?$AAy?$AA?$AA@ 1001c278     LIBCMT:nlsdata.obj
 0002:000012a0       ??_C@_1BC@GDGBMEMK@?$AAH?$AAH?$AA?3?$AAm?$AAm?$AA?3?$AAs?$AAs?$AA?$AA@ 1001c2a0     LIBCMT:nlsdata.obj
 0002:000012b4       ??_C@_1M@BMHNFIME@?$AAe?$AAn?$AA?9?$AAU?$AAS?$AA?$AA@ 1001c2b4     LIBCMT:nlsdata.obj
 0002:000012c0       __sys_errlist              1001c2c0     LIBCMT:syserr.obj
 0002:00001370       ??_C@_08INEPGKHH@No?5error?$AA@ 1001c370     LIBCMT:syserr.obj
 0002:0000137c       ??_C@_0BI@BJFCGOHL@Operation?5not?5permitted?$AA@ 1001c37c     LIBCMT:syserr.obj
 0002:00001394       ??_C@_0BK@FMDHKPNF@No?5such?5file?5or?5directory?$AA@ 1001c394     LIBCMT:syserr.obj
 0002:000013b0       ??_C@_0BA@FKIAIBGA@No?5such?5process?$AA@ 1001c3b0     LIBCMT:syserr.obj
 0002:000013c0       ??_C@_0BK@FJBOAFDK@Interrupted?5function?5call?$AA@ 1001c3c0     LIBCMT:syserr.obj
 0002:000013dc       ??_C@_0BD@KKNFOBBD@Input?1output?5error?$AA@ 1001c3dc     LIBCMT:syserr.obj
 0002:000013f0       ??_C@_0BK@DPKMCKJ@No?5such?5device?5or?5address?$AA@ 1001c3f0     LIBCMT:syserr.obj
 0002:0000140c       ??_C@_0BC@MFFGCDFL@Arg?5list?5too?5long?$AA@ 1001c40c     LIBCMT:syserr.obj
 0002:00001420       ??_C@_0BC@HKPNECK@Exec?5format?5error?$AA@ 1001c420     LIBCMT:syserr.obj
 0002:00001434       ??_C@_0BE@NFGDDCEF@Bad?5file?5descriptor?$AA@ 1001c434     LIBCMT:syserr.obj
 0002:00001448       ??_C@_0BD@LOHELEP@No?5child?5processes?$AA@ 1001c448     LIBCMT:syserr.obj
 0002:0000145c       ??_C@_0CB@EPFKGNAK@Resource?5temporarily?5unavailable@ 1001c45c     LIBCMT:syserr.obj
 0002:00001480       ??_C@_0BB@IMDKMPFB@Not?5enough?5space?$AA@ 1001c480     LIBCMT:syserr.obj
 0002:00001494       ??_C@_0BC@HFNFNKAI@Permission?5denied?$AA@ 1001c494     LIBCMT:syserr.obj
 0002:000014a8       ??_C@_0M@LOEHLCJD@Bad?5address?$AA@ 1001c4a8     LIBCMT:syserr.obj
 0002:000014b4       ??_C@_0O@NIPGCINC@Unknown?5error?$AA@ 1001c4b4     LIBCMT:syserr.obj
 0002:000014c4       ??_C@_0BA@BIBLIOEK@Resource?5device?$AA@ 1001c4c4     LIBCMT:syserr.obj
 0002:000014d4       ??_C@_0M@NAAJNNGH@File?5exists?$AA@ 1001c4d4     LIBCMT:syserr.obj
 0002:000014e0       ??_C@_0O@OAMDNOCP@Improper?5link?$AA@ 1001c4e0     LIBCMT:syserr.obj
 0002:000014f0       ??_C@_0P@NLEIANHE@No?5such?5device?$AA@ 1001c4f0     LIBCMT:syserr.obj
 0002:00001500       ??_C@_0BA@CJBACOOL@Not?5a?5directory?$AA@ 1001c500     LIBCMT:syserr.obj
 0002:00001510       ??_C@_0P@NDHGCGKE@Is?5a?5directory?$AA@ 1001c510     LIBCMT:syserr.obj
 0002:00001520       ??_C@_0BB@HMGGCEBG@Invalid?5argument?$AA@ 1001c520     LIBCMT:syserr.obj
 0002:00001534       ??_C@_0BO@IIFBODJE@Too?5many?5open?5files?5in?5system?$AA@ 1001c534     LIBCMT:syserr.obj
 0002:00001554       ??_C@_0BE@INBJMKGG@Too?5many?5open?5files?$AA@ 1001c554     LIBCMT:syserr.obj
 0002:00001568       ??_C@_0CE@ONOKNLPF@Inappropriate?5I?1O?5control?5operat@ 1001c568     LIBCMT:syserr.obj
 0002:0000158c       ??_C@_0P@LFMMIPAE@File?5too?5large?$AA@ 1001c58c     LIBCMT:syserr.obj
 0002:0000159c       ??_C@_0BI@FEALHKLD@No?5space?5left?5on?5device?$AA@ 1001c59c     LIBCMT:syserr.obj
 0002:000015b4       ??_C@_0N@FEHLOILP@Invalid?5seek?$AA@ 1001c5b4     LIBCMT:syserr.obj
 0002:000015c4       ??_C@_0BG@DDBFNKBH@Read?9only?5file?5system?$AA@ 1001c5c4     LIBCMT:syserr.obj
 0002:000015dc       ??_C@_0P@PKCJJLLM@Too?5many?5links?$AA@ 1001c5dc     LIBCMT:syserr.obj
 0002:000015ec       ??_C@_0M@LHEPIIOM@Broken?5pipe?$AA@ 1001c5ec     LIBCMT:syserr.obj
 0002:000015f8       ??_C@_0N@MMJPGLJK@Domain?5error?$AA@ 1001c5f8     LIBCMT:syserr.obj
 0002:00001608       ??_C@_0BB@FCBJFCAJ@Result?5too?5large?$AA@ 1001c608     LIBCMT:syserr.obj
 0002:0000161c       ??_C@_0BK@JAEBMJJM@Resource?5deadlock?5avoided?$AA@ 1001c61c     LIBCMT:syserr.obj
 0002:00001638       ??_C@_0BC@BEDIHIDK@Filename?5too?5long?$AA@ 1001c638     LIBCMT:syserr.obj
 0002:0000164c       ??_C@_0BD@CLHBCGPB@No?5locks?5available?$AA@ 1001c64c     LIBCMT:syserr.obj
 0002:00001660       ??_C@_0BJ@IHEHINLI@Function?5not?5implemented?$AA@ 1001c660     LIBCMT:syserr.obj
 0002:0000167c       ??_C@_0BE@ICMCHPHH@Directory?5not?5empty?$AA@ 1001c67c     LIBCMT:syserr.obj
 0002:00001690       ??_C@_0BG@KLEAJEFJ@Illegal?5byte?5sequence?$AA@ 1001c690     LIBCMT:syserr.obj
 0002:000016c8       __XcptActTab               1001c6c8     LIBCMT:winxfltr.obj
 0002:00001758       __XcptActTabCount          1001c758     LIBCMT:winxfltr.obj
 0002:0000175c       __XcptActTabSize           1001c75c     LIBCMT:winxfltr.obj
 0002:00001760       __First_FPE_Indx           1001c760     LIBCMT:winxfltr.obj
 0002:00001764       __Num_FPE                  1001c764     LIBCMT:winxfltr.obj
 0002:00001768       ??_C@_1BG@GOEBHBDC@?$AAU?$AAS?$AAE?$AAR?$AA3?$AA2?$AA?4?$AAD?$AAL?$AAL?$AA?$AA@ 1001c768     LIBCMT:crtmboxw.obj
 0002:00001780       ??_C@_0M@DLDCCGNP@MessageBoxW?$AA@ 1001c780     LIBCMT:crtmboxw.obj
 0002:0000178c       ??_C@_0BA@HNOPNCHB@GetActiveWindow?$AA@ 1001c78c     LIBCMT:crtmboxw.obj
 0002:0000179c       ??_C@_0BD@HHGDFDBJ@GetLastActivePopup?$AA@ 1001c79c     LIBCMT:crtmboxw.obj
 0002:000017b0       ??_C@_0BK@DEKFELLI@GetUserObjectInformationW?$AA@ 1001c7b0     LIBCMT:crtmboxw.obj
 0002:000017cc       ??_C@_0BI@DFKBFLJE@GetProcessWindowStation?$AA@ 1001c7cc     LIBCMT:crtmboxw.obj
 0002:000017f0       ___newctype                1001c7f0     LIBCMT:ctype.obj
 0002:00001af0       __wctype                   1001caf0     LIBCMT:ctype.obj
 0002:00001cf8       ___newclmap                1001ccf8     LIBCMT:ctype.obj
 0002:00001e78       ___newcumap                1001ce78     LIBCMT:ctype.obj
 0002:00001ff8       ??_C@_1BA@BALFACEM@?$AAC?$AAO?$AAN?$AAO?$AAU?$AAT?$AA$?$AA?$AA@ 1001cff8     LIBCMT:initcon.obj
 0002:00002008       _LcidToLocaleNameTable     1001d008     LIBCMT:winapinls.obj
 0002:00002728       _LocaleNameToIndexTable    1001d728     LIBCMT:winapinls.obj
 0002:00002e48       ??_C@_15EMKDOKLE@?$AAa?$AAr?$AA?$AA@ 1001de48     LIBCMT:winapinls.obj
 0002:00002e50       ??_C@_15KNPADPLH@?$AAb?$AAg?$AA?$AA@ 1001de50     LIBCMT:winapinls.obj
 0002:00002e58       ??_C@_15EDMHLDMO@?$AAc?$AAa?$AA?$AA@ 1001de58     LIBCMT:winapinls.obj
 0002:00002e60       ??_C@_1O@BPEAJADD@?$AAz?$AAh?$AA?9?$AAC?$AAH?$AAS?$AA?$AA@ 1001de60     LIBCMT:winapinls.obj
 0002:00002e70       ??_C@_15LJNHCMNK@?$AAc?$AAs?$AA?$AA@ 1001de70     LIBCMT:winapinls.obj
 0002:00002e78       ??_C@_15FOMCIDHG@?$AAd?$AAa?$AA?$AA@ 1001de78     LIBCMT:winapinls.obj
 0002:00002e80       ??_C@_15NBKABECB@?$AAd?$AAe?$AA?$AA@ 1001de80     LIBCMT:winapinls.obj
 0002:00002e88       ??_C@_15GHPEIIAO@?$AAe?$AAl?$AA?$AA@ 1001de88     LIBCMT:winapinls.obj
 0002:00002e90       ??_C@_15MNPNEAIF@?$AAe?$AAn?$AA?$AA@ 1001de90     LIBCMT:winapinls.obj
 0002:00002e98       ??_C@_15GPIOMPMH@?$AAe?$AAs?$AA?$AA@ 1001de98     LIBCMT:winapinls.obj
 0002:00002ea0       ??_C@_15NGLOAKJC@?$AAf?$AAi?$AA?$AA@ 1001dea0     LIBCMT:winapinls.obj
 0002:00002ea8       ??_C@_15FBKGNKAM@?$AAf?$AAr?$AA?$AA@ 1001dea8     LIBCMT:winapinls.obj
 0002:00002eb0       ??_C@_15KGGCNEFK@?$AAh?$AAe?$AA?$AA@ 1001deb0     LIBCMT:winapinls.obj
 0002:00002eb8       ??_C@_15PGHLIDMF@?$AAh?$AAu?$AA?$AA@ 1001deb8     LIBCMT:winapinls.obj
 0002:00002ec0       ??_C@_15BIEMAPLM@?$AAi?$AAs?$AA?$AA@ 1001dec0     LIBCMT:winapinls.obj
 0002:00002ec8       ??_C@_15IFJLDHAF@?$AAi?$AAt?$AA?$AA@ 1001dec8     LIBCMT:winapinls.obj
 0002:00002ed0       ??_C@_15GEMIOCAG@?$AAj?$AAa?$AA?$AA@ 1001ded0     LIBCMT:winapinls.obj
 0002:00002ed8       ??_C@_15EPELEGJA@?$AAk?$AAo?$AA?$AA@ 1001ded8     LIBCMT:winapinls.obj
 0002:00002ee0       ??_C@_15NDDHIMN@?$AAn?$AAl?$AA?$AA@ 1001dee0     LIBCMT:winapinls.obj
 0002:00002ee8       ??_C@_15BPIGNHCD@?$AAn?$AAo?$AA?$AA@ 1001dee8     LIBCMT:winapinls.obj
 0002:00002ef0       ??_C@_15DEOPBLCG@?$AAp?$AAl?$AA?$AA@ 1001def0     LIBCMT:winapinls.obj
 0002:00002ef8       ??_C@_15KBECGEFG@?$AAp?$AAt?$AA?$AA@ 1001def8     LIBCMT:winapinls.obj
 0002:00002f00       ??_C@_15GLJCBFMD@?$AAr?$AAo?$AA?$AA@ 1001df00     LIBCMT:winapinls.obj
 0002:00002f08       ??_C@_15FEDGKCDI@?$AAr?$AAu?$AA?$AA@ 1001df08     LIBCMT:winapinls.obj
 0002:00002f10       ??_C@_15GLKMLLHM@?$AAh?$AAr?$AA?$AA@ 1001df10     LIBCMT:winapinls.obj
 0002:00002f18       ??_C@_15CPKMFBDB@?$AAs?$AAk?$AA?$AA@ 1001df18     LIBCMT:winapinls.obj
 0002:00002f20       ??_C@_15BAAIOGMK@?$AAs?$AAq?$AA?$AA@ 1001df20     LIBCMT:winapinls.obj
 0002:00002f28       ??_C@_15INNPNOHD@?$AAs?$AAv?$AA?$AA@ 1001df28     LIBCMT:winapinls.obj
 0002:00002f30       ??_C@_15CABMMOGH@?$AAt?$AAh?$AA?$AA@ 1001df30     LIBCMT:winapinls.obj
 0002:00002f38       ??_C@_15BPLIHJJM@?$AAt?$AAr?$AA?$AA@ 1001df38     LIBCMT:winapinls.obj
 0002:00002f40       ??_C@_15NEOEKKDJ@?$AAu?$AAr?$AA?$AA@ 1001df40     LIBCMT:winapinls.obj
 0002:00002f48       ??_C@_15NFICGAJK@?$AAi?$AAd?$AA?$AA@ 1001df48     LIBCMT:winapinls.obj
 0002:00002f50       ??_C@_15PJPFLCCM@?$AAu?$AAk?$AA?$AA@ 1001df50     LIBCMT:winapinls.obj
 0002:00002f58       ??_C@_15HPJPHDM@?$AAb?$AAe?$AA?$AA@ 1001df58     LIBCMT:winapinls.obj
 0002:00002f60       ??_C@_15LCHLGJII@?$AAs?$AAl?$AA?$AA@ 1001df60     LIBCMT:winapinls.obj
 0002:00002f68       ??_C@_15PCFJPHHO@?$AAe?$AAt?$AA?$AA@ 1001df68     LIBCMT:winapinls.obj
 0002:00002f70       ??_C@_15HPFPGODN@?$AAl?$AAv?$AA?$AA@ 1001df70     LIBCMT:winapinls.obj
 0002:00002f78       ??_C@_15NFFGKGLG@?$AAl?$AAt?$AA?$AA@ 1001df78     LIBCMT:winapinls.obj
 0002:00002f80       ??_C@_15BDAKCCHN@?$AAf?$AAa?$AA?$AA@ 1001df80     LIBCMT:winapinls.obj
 0002:00002f88       ??_C@_15NFGIAIAJ@?$AAv?$AAi?$AA?$AA@ 1001df88     LIBCMT:winapinls.obj
 0002:00002f90       ??_C@_15LMKNDMHN@?$AAh?$AAy?$AA?$AA@ 1001df90     LIBCMT:winapinls.obj
 0002:00002f98       ??_C@_15IJBHMCFL@?$AAa?$AAz?$AA?$AA@ 1001df98     LIBCMT:winapinls.obj
 0002:00002fa0       ??_C@_15EKOFJABL@?$AAe?$AAu?$AA?$AA@ 1001dfa0     LIBCMT:winapinls.obj
 0002:00002fa8       ??_C@_15BGHADCNK@?$AAm?$AAk?$AA?$AA@ 1001dfa8     LIBCMT:winapinls.obj
 0002:00002fb0       ??_C@_15JDNICKHM@?$AAa?$AAf?$AA?$AA@ 1001dfb0     LIBCMT:winapinls.obj
 0002:00002fb8       ??_C@_15KPJEDBKD@?$AAk?$AAa?$AA?$AA@ 1001dfb8     LIBCMT:winapinls.obj
 0002:00002fc0       ??_C@_15PDNFFFEO@?$AAf?$AAo?$AA?$AA@ 1001dfc0     LIBCMT:winapinls.obj
 0002:00002fc8       ??_C@_15OMLEGLOC@?$AAh?$AAi?$AA?$AA@ 1001dfc8     LIBCMT:winapinls.obj
 0002:00002fd0       ??_C@_15IDNNENKK@?$AAm?$AAs?$AA?$AA@ 1001dfd0     LIBCMT:winapinls.obj
 0002:00002fd8       ??_C@_15MACJNBMH@?$AAk?$AAk?$AA?$AA@ 1001dfd8     LIBCMT:winapinls.obj
 0002:00002fe0       ??_C@_15DKDJEOND@?$AAk?$AAy?$AA?$AA@ 1001dfe0     LIBCMT:winapinls.obj
 0002:00002fe8       ??_C@_15DFGDLJBG@?$AAs?$AAw?$AA?$AA@ 1001dfe8     LIBCMT:winapinls.obj
 0002:00002ff0       ??_C@_15BBFAICNG@?$AAu?$AAz?$AA?$AA@ 1001dff0     LIBCMT:winapinls.obj
 0002:00002ff8       ??_C@_15DKNDCGEA@?$AAt?$AAt?$AA?$AA@ 1001dff8     LIBCMT:winapinls.obj
 0002:00003000       ??_C@_15MGIFMDPL@?$AAp?$AAa?$AA?$AA@ 1001e000     LIBCMT:winapinls.obj
 0002:00003008       ??_C@_15HCNDBBA@?$AAg?$AAu?$AA?$AA@ 1001e008     LIBCMT:winapinls.obj
 0002:00003010       ??_C@_15FNBEIBON@?$AAt?$AAa?$AA?$AA@ 1001e010     LIBCMT:winapinls.obj
 0002:00003018       ??_C@_15NCHGBGLK@?$AAt?$AAe?$AA?$AA@ 1001e018     LIBCMT:winapinls.obj
 0002:00003020       ??_C@_15PHPHCBPF@?$AAk?$AAn?$AA?$AA@ 1001e020     LIBCMT:winapinls.obj
 0002:00003028       ??_C@_15DLGBCKMP@?$AAm?$AAr?$AA?$AA@ 1001e028     LIBCMT:winapinls.obj
 0002:00003030       ??_C@_15EABBLBFF@?$AAs?$AAa?$AA?$AA@ 1001e030     LIBCMT:winapinls.obj
 0002:00003038       ??_C@_15CBKOMCOI@?$AAm?$AAn?$AA?$AA@ 1001e038     LIBCMT:winapinls.obj
 0002:00003040       ??_C@_15CKDMCJAF@?$AAg?$AAl?$AA?$AA@ 1001e040     LIBCMT:winapinls.obj
 0002:00003048       ??_C@_17CNJFBPG@?$AAk?$AAo?$AAk?$AA?$AA@ 1001e048     LIBCMT:winapinls.obj
 0002:00003050       ??_C@_17FFBJICPL@?$AAs?$AAy?$AAr?$AA?$AA@ 1001e050     LIBCMT:winapinls.obj
 0002:00003058       ??_C@_17KPNDCPAF@?$AAd?$AAi?$AAv?$AA?$AA@ 1001e058     LIBCMT:winapinls.obj
 0002:00003060       ??_C@_11LOCGONAA@?$AA?$AA@ 1001e060     LIBCMT:winapinls.obj
 0002:00003064       ??_C@_1M@OKAHONE@?$AAa?$AAr?$AA?9?$AAS?$AAA?$AA?$AA@ 1001e064     LIBCMT:winapinls.obj
 0002:00003070       ??_C@_1M@FFFIGIGK@?$AAb?$AAg?$AA?9?$AAB?$AAG?$AA?$AA@ 1001e070     LIBCMT:winapinls.obj
 0002:0000307c       ??_C@_1M@BJNKEDC@?$AAc?$AAa?$AA?9?$AAE?$AAS?$AA?$AA@ 1001e07c     LIBCMT:winapinls.obj
 0002:00003088       ??_C@_1M@IJJHFJHA@?$AAc?$AAs?$AA?9?$AAC?$AAZ?$AA?$AA@ 1001e088     LIBCMT:winapinls.obj
 0002:00003094       ??_C@_1M@CLPEOBGI@?$AAd?$AAa?$AA?9?$AAD?$AAK?$AA?$AA@ 1001e094     LIBCMT:winapinls.obj
 0002:000030a0       ??_C@_1M@MCMADGCB@?$AAd?$AAe?$AA?9?$AAD?$AAE?$AA?$AA@ 1001e0a0     LIBCMT:winapinls.obj
 0002:000030ac       ??_C@_1M@OOCKEMAM@?$AAe?$AAl?$AA?9?$AAG?$AAR?$AA?$AA@ 1001e0ac     LIBCMT:winapinls.obj
 0002:000030b8       ??_C@_1M@DDNJFGID@?$AAf?$AAi?$AA?9?$AAF?$AAI?$AA?$AA@ 1001e0b8     LIBCMT:winapinls.obj
 0002:000030c4       ??_C@_1M@GLIPPMAC@?$AAf?$AAr?$AA?9?$AAF?$AAR?$AA?$AA@ 1001e0c4     LIBCMT:winapinls.obj
 0002:000030d0       ??_C@_1M@GFMCHPE@?$AAh?$AAe?$AA?9?$AAI?$AAL?$AA?$AA@ 1001e0d0     LIBCMT:winapinls.obj
 0002:000030dc       ??_C@_1M@MHLPGNKM@?$AAh?$AAu?$AA?9?$AAH?$AAU?$AA?$AA@ 1001e0dc     LIBCMT:winapinls.obj
 0002:000030e8       ??_C@_1M@LPDDNNPN@?$AAi?$AAs?$AA?9?$AAI?$AAS?$AA?$AA@ 1001e0e8     LIBCMT:winapinls.obj
 0002:000030f4       ??_C@_1M@MADIPODN@?$AAi?$AAt?$AA?9?$AAI?$AAT?$AA?$AA@ 1001e0f4     LIBCMT:winapinls.obj
 0002:00003100       ??_C@_1M@IHBJJGG@?$AAn?$AAl?$AA?9?$AAN?$AAL?$AA?$AA@ 1001e100     LIBCMT:winapinls.obj
 0002:0000310c       ??_C@_1M@EANAGDL@?$AAn?$AAb?$AA?9?$AAN?$AAO?$AA?$AA@ 1001e10c     LIBCMT:winapinls.obj
 0002:00003118       ??_C@_1M@NEIEMEGP@?$AAp?$AAl?$AA?9?$AAP?$AAL?$AA?$AA@ 1001e118     LIBCMT:winapinls.obj
 0002:00003124       ??_C@_1M@BOCFIGEP@?$AAp?$AAt?$AA?9?$AAB?$AAR?$AA?$AA@ 1001e124     LIBCMT:winapinls.obj
 0002:00003130       ??_C@_1M@IMPFOPBG@?$AAr?$AAo?$AA?9?$AAR?$AAO?$AA?$AA@ 1001e130     LIBCMT:winapinls.obj
 0002:0000313c       ??_C@_1M@IDNNEJMM@?$AAr?$AAu?$AA?9?$AAR?$AAU?$AA?$AA@ 1001e13c     LIBCMT:winapinls.obj
 0002:00003148       ??_C@_1M@LILEEOGM@?$AAh?$AAr?$AA?9?$AAH?$AAR?$AA?$AA@ 1001e148     LIBCMT:winapinls.obj
 0002:00003154       ??_C@_1M@FKIFEHPB@?$AAs?$AAk?$AA?9?$AAS?$AAK?$AA?$AA@ 1001e154     LIBCMT:winapinls.obj
 0002:00003160       ??_C@_1M@LJMAMNPJ@?$AAs?$AAq?$AA?9?$AAA?$AAL?$AA?$AA@ 1001e160     LIBCMT:winapinls.obj
 0002:0000316c       ??_C@_1M@GIAKDKJK@?$AAs?$AAv?$AA?9?$AAS?$AAE?$AA?$AA@ 1001e16c     LIBCMT:winapinls.obj
 0002:00003178       ??_C@_1M@MKJKIKCL@?$AAt?$AAh?$AA?9?$AAT?$AAH?$AA?$AA@ 1001e178     LIBCMT:winapinls.obj
 0002:00003184       ??_C@_1M@MFLCCMPB@?$AAt?$AAr?$AA?9?$AAT?$AAR?$AA?$AA@ 1001e184     LIBCMT:winapinls.obj
 0002:00003190       ??_C@_1M@OIJHDKJN@?$AAu?$AAr?$AA?9?$AAP?$AAK?$AA?$AA@ 1001e190     LIBCMT:winapinls.obj
 0002:0000319c       ??_C@_1M@LHIPCIEK@?$AAi?$AAd?$AA?9?$AAI?$AAD?$AA?$AA@ 1001e19c     LIBCMT:winapinls.obj
 0002:000031a8       ??_C@_1M@MFMOBGI@?$AAu?$AAk?$AA?9?$AAU?$AAA?$AA?$AA@ 1001e1a8     LIBCMT:winapinls.obj
 0002:000031b4       ??_C@_1M@OBGLJIPL@?$AAb?$AAe?$AA?9?$AAB?$AAY?$AA?$AA@ 1001e1b4     LIBCMT:winapinls.obj
 0002:000031c0       ??_C@_1M@BCFAJEAD@?$AAs?$AAl?$AA?9?$AAS?$AAI?$AA?$AA@ 1001e1c0     LIBCMT:winapinls.obj
 0002:000031cc       ??_C@_1M@FKFFEDDN@?$AAe?$AAt?$AA?9?$AAE?$AAE?$AA?$AA@ 1001e1cc     LIBCMT:winapinls.obj
 0002:000031d8       ??_C@_1M@KGKKAACI@?$AAl?$AAv?$AA?9?$AAL?$AAV?$AA?$AA@ 1001e1d8     LIBCMT:winapinls.obj
 0002:000031e4       ??_C@_1M@IFGBIJO@?$AAl?$AAt?$AA?9?$AAL?$AAT?$AA?$AA@ 1001e1e4     LIBCMT:winapinls.obj
 0002:000031f0       ??_C@_1M@FGEAHEDM@?$AAf?$AAa?$AA?9?$AAI?$AAR?$AA?$AA@ 1001e1f0     LIBCMT:winapinls.obj
 0002:000031fc       ??_C@_1M@KBMAIBFN@?$AAv?$AAi?$AA?9?$AAV?$AAN?$AA?$AA@ 1001e1fc     LIBCMT:winapinls.obj
 0002:00003208       ??_C@_1M@GPCBKDJK@?$AAh?$AAy?$AA?9?$AAA?$AAM?$AA?$AA@ 1001e208     LIBCMT:winapinls.obj
 0002:00003214       ??_C@_1BG@BECMDDJB@?$AAa?$AAz?$AA?9?$AAA?$AAZ?$AA?9?$AAL?$AAa?$AAt?$AAn?$AA?$AA@ 1001e214     LIBCMT:winapinls.obj
 0002:0000322c       ??_C@_1M@MAOFCAEA@?$AAe?$AAu?$AA?9?$AAE?$AAS?$AA?$AA@ 1001e22c     LIBCMT:winapinls.obj
 0002:00003238       ??_C@_1M@IGHABKPI@?$AAm?$AAk?$AA?9?$AAM?$AAK?$AA?$AA@ 1001e238     LIBCMT:winapinls.obj
 0002:00003244       ??_C@_1M@IAIGNEJG@?$AAt?$AAn?$AA?9?$AAZ?$AAA?$AA?$AA@ 1001e244     LIBCMT:winapinls.obj
 0002:00003250       ??_C@_1M@IIJCOJFA@?$AAx?$AAh?$AA?9?$AAZ?$AAA?$AA?$AA@ 1001e250     LIBCMT:winapinls.obj
 0002:0000325c       ??_C@_1M@LGPJHNJH@?$AAz?$AAu?$AA?9?$AAZ?$AAA?$AA?$AA@ 1001e25c     LIBCMT:winapinls.obj
 0002:00003268       ??_C@_1M@HOKAOIO@?$AAa?$AAf?$AA?9?$AAZ?$AAA?$AA?$AA@ 1001e268     LIBCMT:winapinls.obj
 0002:00003274       ??_C@_1M@DPCLHLIE@?$AAk?$AAa?$AA?9?$AAG?$AAE?$AA?$AA@ 1001e274     LIBCMT:winapinls.obj
 0002:00003280       ??_C@_1M@BLKMHJBI@?$AAf?$AAo?$AA?9?$AAF?$AAO?$AA?$AA@ 1001e280     LIBCMT:winapinls.obj
 0002:0000328c       ??_C@_1M@LGGJAPPB@?$AAh?$AAi?$AA?9?$AAI?$AAN?$AA?$AA@ 1001e28c     LIBCMT:winapinls.obj
 0002:00003298       ??_C@_1M@FIKPIHFE@?$AAm?$AAt?$AA?9?$AAM?$AAT?$AA?$AA@ 1001e298     LIBCMT:winapinls.obj
 0002:000032a4       ??_C@_1M@HEGGPBFA@?$AAs?$AAe?$AA?9?$AAN?$AAO?$AA?$AA@ 1001e2a4     LIBCMT:winapinls.obj
 0002:000032b0       ??_C@_1M@EIBJEEPA@?$AAm?$AAs?$AA?9?$AAM?$AAY?$AA?$AA@ 1001e2b0     LIBCMT:winapinls.obj
 0002:000032bc       ??_C@_1M@FHLBGMPP@?$AAk?$AAk?$AA?9?$AAK?$AAZ?$AA?$AA@ 1001e2bc     LIBCMT:winapinls.obj
 0002:000032c8       ??_C@_1M@NGJJLCGI@?$AAk?$AAy?$AA?9?$AAK?$AAG?$AA?$AA@ 1001e2c8     LIBCMT:winapinls.obj
 0002:000032d4       ??_C@_1M@GIENNBFC@?$AAs?$AAw?$AA?9?$AAK?$AAE?$AA?$AA@ 1001e2d4     LIBCMT:winapinls.obj
 0002:000032e0       ??_C@_1BG@NDGMJIMJ@?$AAu?$AAz?$AA?9?$AAU?$AAZ?$AA?9?$AAL?$AAa?$AAt?$AAn?$AA?$AA@ 1001e2e0     LIBCMT:winapinls.obj
 0002:000032f8       ??_C@_1M@IDCCIHBC@?$AAt?$AAt?$AA?9?$AAR?$AAU?$AA?$AA@ 1001e2f8     LIBCMT:winapinls.obj
 0002:00003304       ??_C@_1M@LOICPMOJ@?$AAb?$AAn?$AA?9?$AAI?$AAN?$AA?$AA@ 1001e304     LIBCMT:winapinls.obj
 0002:00003310       ??_C@_1M@KPKKNEAH@?$AAp?$AAa?$AA?9?$AAI?$AAN?$AA?$AA@ 1001e310     LIBCMT:winapinls.obj
 0002:0000331c       ??_C@_1M@PJGPPBOG@?$AAg?$AAu?$AA?9?$AAI?$AAN?$AA?$AA@ 1001e31c     LIBCMT:winapinls.obj
 0002:00003328       ??_C@_1M@KMKMOPHI@?$AAt?$AAa?$AA?9?$AAI?$AAN?$AA?$AA@ 1001e328     LIBCMT:winapinls.obj
 0002:00003334       ??_C@_1M@KFEHEPAC@?$AAt?$AAe?$AA?9?$AAI?$AAN?$AA?$AA@ 1001e334     LIBCMT:winapinls.obj
 0002:00003340       ??_C@_1M@CDCLMGHI@?$AAk?$AAn?$AA?9?$AAI?$AAN?$AA?$AA@ 1001e340     LIBCMT:winapinls.obj
 0002:0000334c       ??_C@_1M@MIODLDKF@?$AAm?$AAl?$AA?9?$AAI?$AAN?$AA?$AA@ 1001e34c     LIBCMT:winapinls.obj
 0002:00003358       ??_C@_1M@PBIEACPO@?$AAm?$AAr?$AA?9?$AAI?$AAN?$AA?$AA@ 1001e358     LIBCMT:winapinls.obj
 0002:00003364       ??_C@_1M@NIDEAGPH@?$AAs?$AAa?$AA?9?$AAI?$AAN?$AA?$AA@ 1001e364     LIBCMT:winapinls.obj
 0002:00003370       ??_C@_1M@FHIHCBIO@?$AAm?$AAn?$AA?9?$AAM?$AAN?$AA?$AA@ 1001e370     LIBCMT:winapinls.obj
 0002:0000337c       ??_C@_1M@JAIJPENP@?$AAc?$AAy?$AA?9?$AAG?$AAB?$AA?$AA@ 1001e37c     LIBCMT:winapinls.obj
 0002:00003388       ??_C@_1M@PHGFBEPN@?$AAg?$AAl?$AA?9?$AAE?$AAS?$AA?$AA@ 1001e388     LIBCMT:winapinls.obj
 0002:00003394       ??_C@_1O@KPIPDNCP@?$AAk?$AAo?$AAk?$AA?9?$AAI?$AAN?$AA?$AA@ 1001e394     LIBCMT:winapinls.obj
 0002:000033a4       ??_C@_1O@KNHJLDJA@?$AAs?$AAy?$AAr?$AA?9?$AAS?$AAY?$AA?$AA@ 1001e3a4     LIBCMT:winapinls.obj
 0002:000033b4       ??_C@_1O@MKEKBLAH@?$AAd?$AAi?$AAv?$AA?9?$AAM?$AAV?$AA?$AA@ 1001e3b4     LIBCMT:winapinls.obj
 0002:000033c4       ??_C@_1O@OHDCKDDF@?$AAq?$AAu?$AAz?$AA?9?$AAB?$AAO?$AA?$AA@ 1001e3c4     LIBCMT:winapinls.obj
 0002:000033d4       ??_C@_1M@LEPJNLFD@?$AAn?$AAs?$AA?9?$AAZ?$AAA?$AA?$AA@ 1001e3d4     LIBCMT:winapinls.obj
 0002:000033e0       ??_C@_1M@OMLEIIJB@?$AAm?$AAi?$AA?9?$AAN?$AAZ?$AA?$AA@ 1001e3e0     LIBCMT:winapinls.obj
 0002:000033ec       ??_C@_1M@PMPEAILG@?$AAa?$AAr?$AA?9?$AAI?$AAQ?$AA?$AA@ 1001e3ec     LIBCMT:winapinls.obj
 0002:000033f8       ??_C@_1M@CNKPNOEE@?$AAd?$AAe?$AA?9?$AAC?$AAH?$AA?$AA@ 1001e3f8     LIBCMT:winapinls.obj
 0002:00003404       ??_C@_1M@LKMGMLKO@?$AAe?$AAn?$AA?9?$AAG?$AAB?$AA?$AA@ 1001e404     LIBCMT:winapinls.obj
 0002:00003410       ??_C@_1M@PGKJFFGL@?$AAe?$AAs?$AA?9?$AAM?$AAX?$AA?$AA@ 1001e410     LIBCMT:winapinls.obj
 0002:0000341c       ??_C@_1M@DNNANBDC@?$AAf?$AAr?$AA?9?$AAB?$AAE?$AA?$AA@ 1001e41c     LIBCMT:winapinls.obj
 0002:00003428       ??_C@_1M@HLGMDFHM@?$AAi?$AAt?$AA?9?$AAC?$AAH?$AA?$AA@ 1001e428     LIBCMT:winapinls.obj
 0002:00003434       ??_C@_1M@CLLBGJH@?$AAn?$AAl?$AA?9?$AAB?$AAE?$AA?$AA@ 1001e434     LIBCMT:winapinls.obj
 0002:00003440       ??_C@_1M@BODBOGLF@?$AAn?$AAn?$AA?9?$AAN?$AAO?$AA?$AA@ 1001e440     LIBCMT:winapinls.obj
 0002:0000344c       ??_C@_1M@HFFAHKAD@?$AAp?$AAt?$AA?9?$AAP?$AAT?$AA?$AA@ 1001e44c     LIBCMT:winapinls.obj
 0002:00003458       ??_C@_1BG@LNOAKHIE@?$AAs?$AAr?$AA?9?$AAS?$AAP?$AA?9?$AAL?$AAa?$AAt?$AAn?$AA?$AA@ 1001e458     LIBCMT:winapinls.obj
 0002:00003470       ??_C@_1M@HBMHBGAK@?$AAs?$AAv?$AA?9?$AAF?$AAI?$AA?$AA@ 1001e470     LIBCMT:winapinls.obj
 0002:0000347c       ??_C@_1BG@DGCJGJBE@?$AAa?$AAz?$AA?9?$AAA?$AAZ?$AA?9?$AAC?$AAy?$AAr?$AAl?$AA?$AA@ 1001e47c     LIBCMT:winapinls.obj
 0002:00003494       ??_C@_1M@KEJDAAHB@?$AAs?$AAe?$AA?9?$AAS?$AAE?$AA?$AA@ 1001e494     LIBCMT:winapinls.obj
 0002:000034a0       ??_C@_1M@HEIBJJAD@?$AAm?$AAs?$AA?9?$AAB?$AAN?$AA?$AA@ 1001e4a0     LIBCMT:winapinls.obj
 0002:000034ac       ??_C@_1BG@PBGJMCEM@?$AAu?$AAz?$AA?9?$AAU?$AAZ?$AA?9?$AAC?$AAy?$AAr?$AAl?$AA?$AA@ 1001e4ac     LIBCMT:winapinls.obj
 0002:000034c4       ??_C@_1O@LAOBCMDF@?$AAq?$AAu?$AAz?$AA?9?$AAE?$AAC?$AA?$AA@ 1001e4c4     LIBCMT:winapinls.obj
 0002:000034d4       ??_C@_1M@POEEMAIO@?$AAa?$AAr?$AA?9?$AAE?$AAG?$AA?$AA@ 1001e4d4     LIBCMT:winapinls.obj
 0002:000034e0       ??_C@_1M@EFAKDEDL@?$AAz?$AAh?$AA?9?$AAH?$AAK?$AA?$AA@ 1001e4e0     LIBCMT:winapinls.obj
 0002:000034ec       ??_C@_1M@HKKIJHGI@?$AAd?$AAe?$AA?9?$AAA?$AAT?$AA?$AA@ 1001e4ec     LIBCMT:winapinls.obj
 0002:000034f8       ??_C@_1M@KBFBEHJF@?$AAe?$AAn?$AA?9?$AAA?$AAU?$AA?$AA@ 1001e4f8     LIBCMT:winapinls.obj
 0002:00003504       ??_C@_1M@MNPLFAAH@?$AAe?$AAs?$AA?9?$AAE?$AAS?$AA?$AA@ 1001e504     LIBCMT:winapinls.obj
[...]
 0001:0001627c       UnwindUpVec                1001727c     LIBCMT:memcpy.obj
 0001:000162e8       TrailUpVec                 100172e8     LIBCMT:memcpy.obj
 0001:0001638c       LeadDownVec                1001738c     LIBCMT:memcpy.obj
 0001:00016418       UnwindDownVec              10017418     LIBCMT:memcpy.obj
 0001:00016484       TrailDownVec               10017484     LIBCMT:memcpy.obj
 0001:00016630       $$000000                   10017630     LIBCMT:ulldiv.obj
 0001:000168c2       _parse_cmdline             100178c2 f   LIBCMT:stdargv.obj
 0001:00016fc0       __onexit_nolock            10017fc0 f   LIBCMT:onexit.obj
 0001:000172e7       _siglookup                 100182e7 f   LIBCMT:winsig.obj
 0001:00017330       $$000000                   10018330     LIBCMT:strlen.obj
 0001:00017920       $$000000                   10018920     LIBCMT:ulldvrm.obj
 0001:00017e98       ?__crtLCMapStringA_stat@@YAHPAUlocaleinfo_struct@@PB_WKPBDHPADHHH@Z 10018e98 f   LIBCMT:a_map.obj
 0001:000180e3       ?__crtGetStringTypeA_stat@@YAHPAUlocaleinfo_struct@@KPBDHPAGHH@Z 100190e3 f   LIBCMT:a_str.obj
 0001:00018930       $$000000                   10019930     LIBCMT:exsup.obj
 0001:00018950       __unwind_handler           10019950 f   LIBCMT:exsup.obj
 0001:00018c68       ?x_ismbbtype_l@@YAHPAUlocaleinfo_struct@@IHH@Z 10019c68 f   LIBCMT:ismbbyte.obj
 0001:00018ee0       $$000000                   10019ee0     LIBCMT:alloca16.obj
 0001:00018f10       $$000000                   10019f10     LIBCMT:strncmp.obj
 0001:000190b0       $$000000                   1001a0b0     LIBCMT:_strnicm.obj
 0001:00019310       $$000000                   1001a310     LIBCMT:llmul.obj
 0001:00019350       $$000000                   1001a350     LIBCMT:lldiv.obj
 0002:00000120       _pinit                     1001b120     LIBCMT:mbctype.obj
 0002:00000124       _pinit                     1001b124     LIBCMT:_file.obj
 0002:00000128       _pinit                     1001b128     LIBCMT:onexit.obj
 0002:0000012c       _pinit                     1001b12c     LIBCMT:cpu_disp.obj
 0002:00000138       _pterm                     1001b138     LIBCMT:initcon.obj
 0002:0000013c       _pterm                     1001b13c     LIBCMT:wsetloca.obj
 0002:00000140       _pterm                     1001b140     LIBCMT:_file.obj
 0002:00000cd8       _rterrs                    1001bcd8     LIBCMT:crt0msg.obj
 0002:00000f24       __mb_locale_names          1001bf24     LIBCMT:mbctype.obj
 0002:000016a8       ?ccsField@?P@??_openfile@@9@9 1001c6a8     LIBCMT:_open.obj
 0002:000016ac       ?utf8encoding@?P@??_openfile@@9@9 1001c6ac     LIBCMT:_open.obj
 0002:000016b4       ?utf16encoding@?P@??_openfile@@9@9 1001c6b4     LIBCMT:_open.obj
 0002:000016c0       ?unicodeencoding@?P@??_openfile@@9@9 1001c6c0     LIBCMT:_open.obj
 0002:000017e4       _GS_ExceptionPointers      1001c7e4     LIBCMT:gs_report.obj
 0002:00004080       __first_127char            1001f080     LIBCMT:wsetloca.obj
 0002:00004170       _crc_table                 1001f170     * CIL library *:* CIL module *
 0002:00006170       _configuration_table       10021170     * CIL library *:* CIL module *
 0002:000061e8       ?my_version@?1??deflateInit2_@@9@9 100211e8     * CIL library *:* CIL module *
 0002:000061f0       ?lenfix@?1??fixedtables@@9@9 100211f0     * CIL library *:* CIL module *
 0002:000069f0       ?order@?1??inflateBack@@9@9 100219f0     * CIL library *:* CIL module *
 0002:00006a18       ?distfix@?1??fixedtables@@9@9 10021a18     * CIL library *:* CIL module *
 0002:00006a98       ?lenfix@?1??fixedtables@@9@9 10021a98     * CIL library *:* CIL module *
 0002:00007298       ?order@?1??inflate@@9@9    10022298     * CIL library *:* CIL module *
 0002:000072c0       ?distfix@?1??fixedtables@@9@9 100222c0     * CIL library *:* CIL module *
 0002:00007340       ?lext@?1??inflate_table@@9@9 10022340     * CIL library *:* CIL module *
 0002:00007380       ?dbase@?1??inflate_table@@9@9 10022380     * CIL library *:* CIL module *
 0002:000073c0       ?lbase@?1??inflate_table@@9@9 100223c0     * CIL library *:* CIL module *
 0002:00007430       ?dext@?1??inflate_table@@9@9 10022430     * CIL library *:* CIL module *
 0002:00007770       _static_dtree              10022770     * CIL library *:* CIL module *
 0002:000077e8       _static_ltree              100227e8     * CIL library *:* CIL module *
 0002:00007c68       _extra_dbits               10022c68     * CIL library *:* CIL module *
 0002:00007ce0       _base_length               10022ce0     * CIL library *:* CIL module *
 0002:00007d58       _extra_blbits              10022d58     * CIL library *:* CIL module *
 0002:00007da8       _extra_lbits               10022da8     * CIL library *:* CIL module *
 0002:00007e1c       _bl_order                  10022e1c     * CIL library *:* CIL module *
 0002:00007e30       _base_dist                 10022e30     * CIL library *:* CIL module *
 0002:00008338       __sehtable$__lseeki64      10023338     LIBCMT:lseeki64.obj
 0002:00008358       __sehtable$__wopen         10023358     LIBCMT:wopen.obj
 0002:00008378       __sehtable$__sopen_helper  10023378     LIBCMT:open.obj
 0002:00008398       __sehtable$__open          10023398     LIBCMT:open.obj
 0002:000083b8       __sehtable$__read          100233b8     LIBCMT:read.obj
 0002:000083d8       __sehtable$__close         100233d8     LIBCMT:close.obj
 0002:000083f8       __sehtable$__write         100233f8     LIBCMT:write.obj
 0002:00008418       __sehtable$__ftelli64      10023418     LIBCMT:ftelli64.obj
 0002:00008438       __sehtable$__fseeki64      10023438     LIBCMT:fseeki64.obj
 0002:00008458       __sehtable$__fsopen        10023458     LIBCMT:fopen.obj
 0002:00008478       __sehtable$_fread_s        10023478     LIBCMT:fread.obj
 0002:00008498       __sehtable$_fwrite         10023498     LIBCMT:fwrite.obj
 0002:000084b8       __sehtable$_fclose         100234b8     LIBCMT:fclose.obj
 0002:000084d8       __sehtable$__CRT_INIT@12   100234d8     LIBCMT:dllcrt0.obj
 0002:000084f8       __sehtable$___DllMainCRTStartup 100234f8     LIBCMT:dllcrt0.obj
 0002:00008518       __sehtable$__alloc_osfhnd  10023518     LIBCMT:osfinfo.obj
 0002:00008540       __sehtable$___lock_fhandle 10023540     LIBCMT:osfinfo.obj
 0002:00008560       __sehtable$__ioinit        10023560     LIBCMT:ioinit.obj
 0002:00008580       __sehtable$_doexit         10023580     LIBCMT:crt0dat.obj
 0002:000085a0       __sehtable$___updatetlocinfo 100235a0     LIBCMT:localref.obj
 0002:000085c0       __sehtable$___updatetmbcinfo 100235c0     LIBCMT:mbctype.obj
 0002:000085e0       __sehtable$__setmbcp       100235e0     LIBCMT:mbctype.obj
 0002:00008600       __sehtable$__freefls@4     10023600     LIBCMT:tidtable.obj
 0002:00008628       __sehtable$__initptd       10023628     LIBCMT:tidtable.obj
 0002:00008650       __sehtable$_flsall         10023650     LIBCMT:fflush.obj
 0002:00008678       __sehtable$__getstream     10023678     LIBCMT:stream.obj
 0002:00008698       __sehtable$__mtinitlocknum 10023698     LIBCMT:mlock.obj
 0002:000086b8       __sehtable$__IsNonwritableInCurrentImage 100236b8     LIBCMT:pesect.obj
 0002:000086d8       __sehtable$__onexit        100236d8     LIBCMT:onexit.obj
 0002:000086f8       __sehtable$?terminate@@YAXXZ 100236f8     LIBCMT:hooks.obj
 0002:00008718       __sehtable$_raise          10023718     LIBCMT:winsig.obj
 0002:00008738       __sehtable$__fcloseall     10023738     LIBCMT:closeall.obj
 0002:00008758       __sehtable$__commit        10023758     LIBCMT:commit.obj
 0002:00008778       __sehtable$__locterm       10023778     LIBCMT:wsetloca.obj
 0002:0000893e       .idata$6                   1002393e     kernel32:KERNEL32.dll
 0002:00008dc0       .edata                     10023dc0     zlibwapi.exp
 0002:00008de8       rgpv                       10023de8     zlibwapi.exp
 0002:00009084       rgszName                   10024084     zlibwapi.exp
 0002:00009268       rgwOrd                     10024268     zlibwapi.exp
 0002:0000935a       szName                     1002435a     zlibwapi.exp
 0002:00009367       $N00001                    10024367     zlibwapi.exp
 0002:0000936f       $N00140                    1002436f     zlibwapi.exp
 0002:0000937f       $N00039                    1002437f     zlibwapi.exp
 0002:00009389       $N00002                    10024389     zlibwapi.exp
 0002:00009392       $N00046                    10024392     zlibwapi.exp
 0002:000093a0       $N00003                    100243a0     zlibwapi.exp
 0002:000093a6       $N00142                    100243a6     zlibwapi.exp
 0002:000093b4       $N00004                    100243b4     zlibwapi.exp
 0002:000093bc       $N00047                    100243bc     zlibwapi.exp
 0002:000093c9       $N00005                    100243c9     zlibwapi.exp
 0002:000093d5       $N00006                    100243d5     zlibwapi.exp
 0002:000093e0       $N00007                    100243e0     zlibwapi.exp
 0002:000093ee       $N00008                    100243ee     zlibwapi.exp
 0002:000093fb       $N00009                    100243fb     zlibwapi.exp
 0002:00009409       $N00052                    10024409     zlibwapi.exp
 0002:00009418       $N00051                    10024418     zlibwapi.exp
 0002:00009425       $N00010                    10024425     zlibwapi.exp
 0002:00009432       $N00164                    10024432     zlibwapi.exp
 0002:00009443       $N00011                    10024443     zlibwapi.exp
 0002:00009458       $N00144                    10024458     zlibwapi.exp
 0002:00009469       $N00145                    10024469     zlibwapi.exp
 0002:00009475       $N00110                    10024475     zlibwapi.exp
 0002:00009489       $N00111                    10024489     zlibwapi.exp
 0002:0000949f       $N00112                    1002449f     zlibwapi.exp
 0002:000094b6       $N00113                    100244b6     zlibwapi.exp
 0002:000094cd       $N00038                    100244cd     zlibwapi.exp
 0002:000094db       $N00146                    100244db     zlibwapi.exp
 0002:000094e4       $N00048                    100244e4     zlibwapi.exp
 0002:000094ef       $N00012                    100244ef     zlibwapi.exp
 0002:000094f7       $N00147                    100244f7     zlibwapi.exp
 0002:00009501       $N00148                    10024501     zlibwapi.exp
 0002:0000950b       $N00149                    1002450b     zlibwapi.exp
 0002:00009514       $N00013                    10024514     zlibwapi.exp
 0002:0000951c       $N00034                    1002451c     zlibwapi.exp
 0002:00009522       $N00014                    10024522     zlibwapi.exp
 0002:0000952a       $N00015                    1002452a     zlibwapi.exp
 0002:00009532       $N00030                    10024532     zlibwapi.exp
 0002:00009539       $N00161                    10024539     zlibwapi.exp
 0002:00009541       $N00041                    10024541     zlibwapi.exp
 0002:00009548       $N00150                    10024548     zlibwapi.exp
 0002:00009551       $N00016                    10024551     zlibwapi.exp
 0002:00009558       $N00165                    10024558     zlibwapi.exp
 0002:00009561       $N00028                    10024561     zlibwapi.exp
 0002:0000956a       $N00029                    1002456a     zlibwapi.exp
 0002:00009571       $N00040                    10024571     zlibwapi.exp
 0002:00009578       $N00017                    10024578     zlibwapi.exp
 0002:0000957f       $N00032                    1002457f     zlibwapi.exp
 0002:00009588       $N00031                    10024588     zlibwapi.exp
 0002:0000958f       $N00035                    1002458f     zlibwapi.exp
 0002:0000959b       $N00033                    1002459b     zlibwapi.exp
 0002:000095a2       $N00049                    100245a2     zlibwapi.exp
 0002:000095ab       $N00167                    100245ab     zlibwapi.exp
 0002:000095b5       $N00018                    100245b5     zlibwapi.exp
 0002:000095bd       $N00019                    100245bd     zlibwapi.exp
 0002:000095c5       $N00044                    100245c5     zlibwapi.exp
 0002:000095d1       $N00045                    100245d1     zlibwapi.exp
 0002:000095e0       $N00043                    100245e0     zlibwapi.exp
 0002:000095f1       $N00042                    100245f1     zlibwapi.exp
 0002:000095fd       $N00020                    100245fd     zlibwapi.exp
 0002:00009608       $N00166                    10024608     zlibwapi.exp
 0002:0000961d       $N00156                    1002461d     zlibwapi.exp
 0002:0000962e       $N00021                    1002462e     zlibwapi.exp
 0002:0000963c       $N00022                    1002463c     zlibwapi.exp
 0002:00009649       $N00157                    10024649     zlibwapi.exp
 0002:00009655       $N00158                    10024655     zlibwapi.exp
 0002:00009662       $N00159                    10024662     zlibwapi.exp
 0002:00009670       $N00023                    10024670     zlibwapi.exp
 0002:0000967d       $N00163                    1002467d     zlibwapi.exp
 0002:0000968e       $N00024                    1002468e     zlibwapi.exp
 0002:000096a3       $N00025                    100246a3     zlibwapi.exp
 0002:000096af       $N00037                    100246af     zlibwapi.exp
 0002:000096c0       $N00160                    100246c0     zlibwapi.exp
 0002:000096d1       $N00026                    100246d1     zlibwapi.exp
 0002:000096dc       $N00062                    100246dc     zlibwapi.exp
 0002:000096e5       $N00072                    100246e5     zlibwapi.exp
 0002:000096f9       $N00124                    100246f9     zlibwapi.exp
 0002:00009711       $N00064                    10024711     zlibwapi.exp
 0002:00009727       $N00125                    10024727     zlibwapi.exp
 0002:00009745       $N00127                    10024745     zlibwapi.exp
 0002:00009755       $N00100                    10024755     zlibwapi.exp
 0002:00009763       $N00073                    10024763     zlibwapi.exp
 0002:00009777       $N00122                    10024777     zlibwapi.exp
 0002:0000978a       $N00063                    1002478a     zlibwapi.exp
 0002:0000979b       $N00076                    1002479b     zlibwapi.exp
 0002:000097b1       $N00128                    100247b1     zlibwapi.exp
 0002:000097c2       $N00101                    100247c2     zlibwapi.exp
 0002:000097d1       $N00065                    100247d1     zlibwapi.exp
 0002:000097e2       $N00066                    100247e2     zlibwapi.exp
 0002:000097f2       $N00075                    100247f2     zlibwapi.exp
 0002:00009800       $N00077                    10024800     zlibwapi.exp
 0002:00009809       $N00121                    10024809     zlibwapi.exp
 0002:00009815       $N00120                    10024815     zlibwapi.exp
 0002:0000981f       $N00061                    1002481f     zlibwapi.exp
 0002:00009827       $N00078                    10024827     zlibwapi.exp
 0002:0000983b       $N00069                    1002483b     zlibwapi.exp
 0002:0000984f       $N00067                    1002484f     zlibwapi.exp
 0002:00009862       $N00079                    10024862     zlibwapi.exp
 0002:0000987d       $N00068                    1002487d     zlibwapi.exp
 0002:00009890       $N00074                    10024890     zlibwapi.exp
 0002:000098a9       $N00071                    100248a9     zlibwapi.exp
 0002:000098b0       $N00126                    100248b0     zlibwapi.exp
 0002:000098ba       $N00070                    100248ba     zlibwapi.exp
 0002:000098c2       $N00036                    100248c2     zlibwapi.exp
 0002:000098c9       $N00084                    100248c9     zlibwapi.exp
 0002:000098d2       $N00083                    100248d2     zlibwapi.exp
 0002:000098e4       $N00136                    100248e4     zlibwapi.exp
 0002:000098fb       $N00087                    100248fb     zlibwapi.exp
 0002:00009910       $N00088                    10024910     zlibwapi.exp
 0002:00009919       $N00131                    10024919     zlibwapi.exp
 0002:00009925       $N00130                    10024925     zlibwapi.exp
 0002:0000992f       $N00080                    1002492f     zlibwapi.exp
 0002:00009937       $N00086                    10024937     zlibwapi.exp
 0002:0000994c       $N00133                    1002494c     zlibwapi.exp
 0002:00009964       $N00089                    10024964     zlibwapi.exp
 0002:00009979       $N00134                    10024979     zlibwapi.exp
 0002:00009991       $N00135                    10024991     zlibwapi.exp
 0002:000099a9       $N00132                    100249a9     zlibwapi.exp
 0002:000099bf       $N00081                    100249bf     zlibwapi.exp
 0002:000099d3       $N00082                    100249d3     zlibwapi.exp
 0002:000099e7       $N00050                    100249e7     zlibwapi.exp
 0002:000099f8       $N00027                    100249f8     zlibwapi.exp
 0003:00000010       _errtable                  10025010     LIBCMT:dosmap.obj
 0003:00000178       _ErrnoNoMem                10025178     LIBCMT:dosmap.obj
 0003:0000017c       _DoserrorNoMem             1002517c     LIBCMT:dosmap.obj
 0003:000002c0       ?isPackaged@?1??__crtIsPackagedApp@@9@9 100252c0     LIBCMT:winapisupp.obj
 0003:000002d4       ___rgctypeflag             100252d4     LIBCMT:mbctype.obj
 0003:000002d8       ___rgcode_page_info        100252d8     LIBCMT:mbctype.obj
 0003:00000cb0       __locktable                10025cb0     LIBCMT:mlock.obj
 0003:00000e88       __ctype_loc_style          10025e88     LIBCMT:wsetloca.obj
 0003:00000e90       _static_bl_desc            10025e90     * CIL library *:* CIL module *
 0003:00000ea4       _static_d_desc             10025ea4     * CIL library *:* CIL module *
 0003:00000eb8       _static_l_desc             10025eb8     * CIL library *:* CIL module *
 0003:00000ee0       ___proc_attached           10025ee0     LIBCMT:dllcrt0.obj
 0003:00001038       ?outmsg@?8??_NMSG_WRITE@@9@9 10026038     LIBCMT:crt0msg.obj
 0003:0000167c       _fSystemSet                1002667c     LIBCMT:mbctype.obj
 0003:00001688       ?_pgmname@?1??_setargv@@9@9 10026688     LIBCMT:stdargv.obj
 0003:00001790       _lclcritsects              10026790     LIBCMT:mlock.obj
 0003:000018ec       _g_pfnRtlGenRandom         100268ec     LIBCMT:rand_s.obj
 0003:000018f0       _ctrlc_action              100268f0     LIBCMT:winsig.obj
 0003:000018f4       _ctrlbreak_action          100268f4     LIBCMT:winsig.obj
 0003:000018f8       _abort_action              100268f8     LIBCMT:winsig.obj
 0003:000018fc       _term_action               100268fc     LIBCMT:winsig.obj
 0003:00001900       _ConsoleCtrlHandler_Installed 10026900     LIBCMT:winsig.obj
 0003:00001910       ?pfnMessageBox@?1??__crtMessageBoxW@@9@9 10026910     LIBCMT:crtmboxw.obj
 0003:00001914       ?pfnGetActiveWindow@?1??__crtMessageBoxW@@9@9 10026914     LIBCMT:crtmboxw.obj
 0003:00001918       ?pfnGetLastActivePopup@?1??__crtMessageBoxW@@9@9 10026918     LIBCMT:crtmboxw.obj
 0003:0000191c       ?pfnGetProcessWindowStation@?1??__crtMessageBoxW@@9@9 1002691c     LIBCMT:crtmboxw.obj
 0003:00001920       ?pfnGetUserObjectInformation@?1??__crtMessageBoxW@@9@9 10026920     LIBCMT:crtmboxw.obj
 0003:00001924       ___enable_percent_n        10026924     LIBCMT:printf.obj
 0003:00001930       _GS_ExceptionRecord        10026930     LIBCMT:gs_report.obj
 0003:00001980       _GS_ContextRecord          10026980     LIBCMT:gs_report.obj
 0003:00001c4c       _DebuggerWasPresent        10026c4c     LIBCMT:gs_report.obj
 0003:00001c5c       ___crtCallProc             10026c5c     LIBCMT:winapinls.obj
 0003:00001c64       ?calls@?1??crypthead@@9@9  10026c64     * CIL library *:* CIL module *
 0004:00000060       $R000000                   10028060     zlib.res
